Archive member included because of file (symbol)

libbb/lib.a(appletlib.o)      /usr/local/arm/gcc-linaro-4.9.4-2017.01-x86_64_arm-linux-gnueabihf/bin/../arm-linux-gnueabihf/libc/usr/lib/crt1.o (main)
libbb/lib.a(compare_string_array.o)
                              libbb/lib.a(appletlib.o) (is_prefixed_with)
libbb/lib.a(concat_path_file.o)
                              libbb/lib.a(appletlib.o) (concat_path_file)
libbb/lib.a(default_error_retval.o)
                              libbb/lib.a(appletlib.o) (xfunc_error_retval)
libbb/lib.a(get_last_path_component.o)
                              libbb/lib.a(appletlib.o) (bb_basename)
libbb/lib.a(last_char_is.o)   libbb/lib.a(concat_path_file.o) (last_char_is)
libbb/lib.a(llist.o)          libbb/lib.a(appletlib.o) (llist_free)
libbb/lib.a(messages.o)       libbb/lib.a(appletlib.o) (bb_busybox_exec_path)
libbb/lib.a(perror_msg.o)     libbb/lib.a(appletlib.o) (bb_perror_msg_and_die)
libbb/lib.a(ptr_to_globals.o)
                              libbb/lib.a(appletlib.o) (bb_errno)
libbb/lib.a(skip_whitespace.o)
                              libbb/lib.a(appletlib.o) (skip_whitespace)
libbb/lib.a(verror_msg.o)     libbb/lib.a(perror_msg.o) (bb_verror_msg)
libbb/lib.a(wfopen.o)         libbb/lib.a(appletlib.o) (fopen_for_read)
libbb/lib.a(xfunc_die.o)      libbb/lib.a(appletlib.o) (xfunc_die)
libbb/lib.a(xfuncs.o)         libbb/lib.a(appletlib.o) (full_write2_str)
libbb/lib.a(xfuncs_printf.o)  libbb/lib.a(wfopen.o) (bb_die_memory_exhausted)
libbb/lib.a(xreadlink.o)      libbb/lib.a(appletlib.o) (xmalloc_readlink)
libbb/lib.a(copyfd.o)         libbb/lib.a(xfuncs_printf.o) (bb_copyfd_eof)
libbb/lib.a(full_write.o)     libbb/lib.a(verror_msg.o) (full_write)
libbb/lib.a(read.o)           libbb/lib.a(copyfd.o) (safe_read)
libbb/lib.a(safe_write.o)     libbb/lib.a(full_write.o) (safe_write)
libbb/lib.a(signals.o)        libbb/lib.a(xfuncs_printf.o) (kill_myself_with_sig)
libbb/lib.a(time.o)           libbb/lib.a(xfuncs_printf.o) (monotonic_us)
libbb/lib.a(bb_strtonum.o)    libbb/lib.a(time.o) (bb_strtol)
libpwdgrp/lib.a(pwd_grp.o)    libbb/lib.a(appletlib.o) (bb_internal_getpwnam)
libpwdgrp/lib.a(uidgid_get.o)
                              libbb/lib.a(appletlib.o) (get_uidgid)
loginutils/lib.a(add-remove-shell.o)
                              libbb/lib.a(appletlib.o) (add_remove_shell_main)
loginutils/lib.a(addgroup.o)  libbb/lib.a(appletlib.o) (addgroup_main)
loginutils/lib.a(adduser.o)   libbb/lib.a(appletlib.o) (adduser_main)
loginutils/lib.a(chpasswd.o)  libbb/lib.a(appletlib.o) (chpasswd_main)
loginutils/lib.a(cryptpw.o)   libbb/lib.a(appletlib.o) (cryptpw_main)
loginutils/lib.a(deluser.o)   libbb/lib.a(appletlib.o) (deluser_main)
loginutils/lib.a(getty.o)     libbb/lib.a(appletlib.o) (getty_main)
loginutils/lib.a(login.o)     libbb/lib.a(appletlib.o) (login_main)
loginutils/lib.a(passwd.o)    libbb/lib.a(appletlib.o) (passwd_main)
loginutils/lib.a(su.o)        libbb/lib.a(appletlib.o) (su_main)
loginutils/lib.a(sulogin.o)   libbb/lib.a(appletlib.o) (sulogin_main)
loginutils/lib.a(vlock.o)     libbb/lib.a(appletlib.o) (vlock_main)
mailutils/lib.a(makemime.o)   libbb/lib.a(appletlib.o) (makemime_main)
mailutils/lib.a(popmaildir.o)
                              libbb/lib.a(appletlib.o) (popmaildir_main)
mailutils/lib.a(reformime.o)  libbb/lib.a(appletlib.o) (reformime_main)
mailutils/lib.a(sendmail.o)   libbb/lib.a(appletlib.o) (sendmail_main)
mailutils/lib.a(mail.o)       mailutils/lib.a(popmaildir.o) (launch_helper)
miscutils/lib.a(adjtimex.o)   libbb/lib.a(appletlib.o) (adjtimex_main)
miscutils/lib.a(beep.o)       libbb/lib.a(appletlib.o) (beep_main)
miscutils/lib.a(chat.o)       libbb/lib.a(appletlib.o) (chat_main)
miscutils/lib.a(conspy.o)     libbb/lib.a(appletlib.o) (conspy_main)
miscutils/lib.a(crond.o)      libbb/lib.a(appletlib.o) (crond_main)
miscutils/lib.a(crontab.o)    libbb/lib.a(appletlib.o) (crontab_main)
miscutils/lib.a(dc.o)         libbb/lib.a(appletlib.o) (dc_main)
miscutils/lib.a(devmem.o)     libbb/lib.a(appletlib.o) (devmem_main)
miscutils/lib.a(fbsplash.o)   libbb/lib.a(appletlib.o) (fbsplash_main)
miscutils/lib.a(hdparm.o)     libbb/lib.a(appletlib.o) (hdparm_main)
miscutils/lib.a(hexedit.o)    libbb/lib.a(appletlib.o) (hexedit_main)
miscutils/lib.a(i2c_tools.o)  libbb/lib.a(appletlib.o) (i2cget_main)
miscutils/lib.a(less.o)       libbb/lib.a(appletlib.o) (less_main)
miscutils/lib.a(lsscsi.o)     libbb/lib.a(appletlib.o) (lsscsi_main)
miscutils/lib.a(makedevs.o)   libbb/lib.a(appletlib.o) (makedevs_main)
miscutils/lib.a(man.o)        libbb/lib.a(appletlib.o) (man_main)
miscutils/lib.a(microcom.o)   libbb/lib.a(appletlib.o) (microcom_main)
miscutils/lib.a(mt.o)         libbb/lib.a(appletlib.o) (mt_main)
miscutils/lib.a(nandwrite.o)  libbb/lib.a(appletlib.o) (nandwrite_main)
miscutils/lib.a(partprobe.o)  libbb/lib.a(appletlib.o) (partprobe_main)
miscutils/lib.a(raidautorun.o)
                              libbb/lib.a(appletlib.o) (raidautorun_main)
[...]
Memory Configuration

Name             Origin             Length             Attributes
*default*        0x0000000000000000 0xffffffffffffffff

Linker script and memory map

LOAD /usr/local/arm/gcc-linaro-4.9.4-2017.01-x86_64_arm-linux-gnueabihf/bin/../arm-linux-gnueabihf/libc/usr/lib/crt1.o
LOAD /usr/local/arm/gcc-linaro-4.9.4-2017.01-x86_64_arm-linux-gnueabihf/bin/../arm-linux-gnueabihf/libc/usr/lib/crti.o
LOAD /usr/local/arm/gcc-linaro-4.9.4-2017.01-x86_64_arm-linux-gnueabihf/bin/../lib/gcc/arm-linux-gnueabihf/4.9.4/crtbegin.o
START GROUP
LOAD applets/built-in.o
LOAD archival/lib.a
LOAD archival/libarchive/lib.a
LOAD console-tools/lib.a
LOAD coreutils/lib.a
LOAD coreutils/libcoreutils/lib.a
LOAD debianutils/lib.a
LOAD klibc-utils/lib.a
LOAD e2fsprogs/lib.a
LOAD editors/lib.a
LOAD findutils/lib.a
LOAD init/lib.a
LOAD libbb/lib.a
LOAD libpwdgrp/lib.a
LOAD loginutils/lib.a
LOAD mailutils/lib.a
LOAD miscutils/lib.a
LOAD modutils/lib.a
LOAD networking/lib.a
LOAD networking/libiproute/lib.a
LOAD networking/udhcp/lib.a
LOAD printutils/lib.a
LOAD procps/lib.a
LOAD runit/lib.a
LOAD selinux/lib.a
LOAD shell/lib.a
LOAD sysklogd/lib.a
LOAD util-linux/lib.a
LOAD util-linux/volume_id/lib.a
LOAD archival/built-in.o
LOAD archival/libarchive/built-in.o
LOAD console-tools/built-in.o
LOAD coreutils/built-in.o
LOAD coreutils/libcoreutils/built-in.o
LOAD debianutils/built-in.o
LOAD klibc-utils/built-in.o
LOAD e2fsprogs/built-in.o
LOAD editors/built-in.o
LOAD findutils/built-in.o
LOAD init/built-in.o
LOAD libbb/built-in.o
LOAD libpwdgrp/built-in.o
LOAD loginutils/built-in.o
LOAD mailutils/built-in.o
LOAD miscutils/built-in.o
LOAD modutils/built-in.o
LOAD networking/built-in.o
LOAD networking/libiproute/built-in.o
LOAD networking/udhcp/built-in.o
LOAD printutils/built-in.o
LOAD procps/built-in.o
LOAD runit/built-in.o
LOAD selinux/built-in.o
LOAD shell/built-in.o
LOAD sysklogd/built-in.o
LOAD util-linux/built-in.o
LOAD util-linux/volume_id/built-in.o
END GROUP
START GROUP
LOAD /usr/local/arm/gcc-linaro-4.9.4-2017.01-x86_64_arm-linux-gnueabihf/bin/../arm-linux-gnueabihf/libc/usr/lib/libm.so
LOAD /usr/local/arm/gcc-linaro-4.9.4-2017.01-x86_64_arm-linux-gnueabihf/bin/../arm-linux-gnueabihf/libc/usr/lib/libresolv.so
END GROUP
LOAD /usr/local/arm/gcc-linaro-4.9.4-2017.01-x86_64_arm-linux-gnueabihf/bin/../lib/gcc/arm-linux-gnueabihf/4.9.4/libgcc.a
LOAD /usr/local/arm/gcc-linaro-4.9.4-2017.01-x86_64_arm-linux-gnueabihf/bin/../lib/gcc/arm-linux-gnueabihf/4.9.4/libgcc_eh.a
LOAD /usr/local/arm/gcc-linaro-4.9.4-2017.01-x86_64_arm-linux-gnueabihf/bin/../arm-linux-gnueabihf/libc/usr/lib/libc.so
START GROUP
LOAD /usr/local/arm/gcc-linaro-4.9.4-2017.01-x86_64_arm-linux-gnueabihf/bin/../arm-linux-gnueabihf/libc/lib/libc.so.6
LOAD /usr/local/arm/gcc-linaro-4.9.4-2017.01-x86_64_arm-linux-gnueabihf/bin/../arm-linux-gnueabihf/libc/usr/lib/libc_nonshared.a
LOAD /usr/local/arm/gcc-linaro-4.9.4-2017.01-x86_64_arm-linux-gnueabihf/bin/../arm-linux-gnueabihf/libc/lib/ld-linux-armhf.so.3
END GROUP
LOAD /usr/local/arm/gcc-linaro-4.9.4-2017.01-x86_64_arm-linux-gnueabihf/bin/../lib/gcc/arm-linux-gnueabihf/4.9.4/libgcc.a
LOAD /usr/local/arm/gcc-linaro-4.9.4-2017.01-x86_64_arm-linux-gnueabihf/bin/../lib/gcc/arm-linux-gnueabihf/4.9.4/libgcc_eh.a
LOAD /usr/local/arm/gcc-linaro-4.9.4-2017.01-x86_64_arm-linux-gnueabihf/bin/../lib/gcc/arm-linux-gnueabihf/4.9.4/crtend.o
LOAD /usr/local/arm/gcc-linaro-4.9.4-2017.01-x86_64_arm-linux-gnueabihf/bin/../arm-linux-gnueabihf/libc/usr/lib/crtn.o
                0x0000000000010000                PROVIDE (__executable_start, 0x10000)
                0x0000000000010134                . = (0x10000 + SIZEOF_HEADERS)

.interp         0x0000000000010134       0x19
 *(SORT(.interp))
 .interp        0x0000000000010134       0x19 /usr/local/arm/gcc-linaro-4.9.4-2017.01-x86_64_arm-linux-gnueabihf/bin/../arm-linux-gnueabihf/libc/usr/lib/crt1.o

.note.ABI-tag   0x0000000000010150       0x20
 .note.ABI-tag  0x0000000000010150       0x20 /usr/local/arm/gcc-linaro-4.9.4-2017.01-x86_64_arm-linux-gnueabihf/bin/../arm-linux-gnueabihf/libc/usr/lib/crt1.o

.note.gnu.build-id
                0x0000000000010170       0x24
 *(SORT(.note.gnu.build-id))
 .note.gnu.build-id
                0x0000000000010170       0x24 linker stubs

.hash           0x0000000000010194      0xa58
 *(SORT(.hash))
 .hash          0x0000000000010194      0xa58 /usr/local/arm/gcc-linaro-4.9.4-2017.01-x86_64_arm-linux-gnueabihf/bin/../arm-linux-gnueabihf/libc/usr/lib/crt1.o

.gnu.hash
 *(SORT(.gnu.hash))

.dynsym         0x0000000000010bec     0x18d0
 *(SORT(.dynsym))
 .dynsym        0x0000000000010bec     0x18d0 /usr/local/arm/gcc-linaro-4.9.4-2017.01-x86_64_arm-linux-gnueabihf/bin/../arm-linux-gnueabihf/libc/usr/lib/crt1.o

.dynstr         0x00000000000124bc      0xd32
 *(SORT(.dynstr))
 .dynstr        0x00000000000124bc      0xd32 /usr/local/arm/gcc-linaro-4.9.4-2017.01-x86_64_arm-linux-gnueabihf/bin/../arm-linux-gnueabihf/libc/usr/lib/crt1.o

.gnu.version    0x00000000000131ee      0x31a
 *(SORT(.gnu.version))
 .gnu.version   0x00000000000131ee      0x31a /usr/local/arm/gcc-linaro-4.9.4-2017.01-x86_64_arm-linux-gnueabihf/bin/../arm-linux-gnueabihf/libc/usr/lib/crt1.o

.gnu.version_d  0x0000000000013508        0x0
 *(SORT(.gnu.version_d))
 .gnu.version_d
                0x0000000000000000        0x0 /usr/local/arm/gcc-linaro-4.9.4-2017.01-x86_64_arm-linux-gnueabihf/bin/../arm-linux-gnueabihf/libc/usr/lib/crt1.o

.gnu.version_r  0x0000000000013508       0x80
 *(SORT(.gnu.version_r))
 .gnu.version_r
                0x0000000000013508       0x80 /usr/local/arm/gcc-linaro-4.9.4-2017.01-x86_64_arm-linux-gnueabihf/bin/../arm-linux-gnueabihf/libc/usr/lib/crt1.o

.rel.dyn        0x0000000000013588       0x50
 *(SORT(.rel.init))
 *(SORT(.rel.text) SORT(.rel.text.*) SORT(.rel.gnu.linkonce.t.*))
 *(SORT(.rel.fini))
 *(SORT(.rel.rodata) SORT(.rel.rodata.*) SORT(.rel.gnu.linkonce.r.*))
 *(SORT(.rel.data.rel.ro) SORT(.rel.data.rel.ro.*) SORT(.rel.gnu.linkonce.d.rel.ro.*))
 *(SORT(.rel.data) SORT(.rel.data.*) SORT(.rel.gnu.linkonce.d.*))
 *(SORT(.rel.tdata) SORT(.rel.tdata.*) SORT(.rel.gnu.linkonce.td.*))
 *(SORT(.rel.tbss) SORT(.rel.tbss.*) SORT(.rel.gnu.linkonce.tb.*))
 *(SORT(.rel.ctors))
 *(SORT(.rel.dtors))
 *(SORT(.rel.got))
 .rel.got       0x0000000000013588        0x8 /usr/local/arm/gcc-linaro-4.9.4-2017.01-x86_64_arm-linux-gnueabihf/bin/../arm-linux-gnueabihf/libc/usr/lib/crt1.o
 *(SORT(.rel.bss) SORT(.rel.bss.*) SORT(.rel.gnu.linkonce.b.*))
 .rel.bss       0x0000000000013590       0x48 /usr/local/arm/gcc-linaro-4.9.4-2017.01-x86_64_arm-linux-gnueabihf/bin/../arm-linux-gnueabihf/libc/usr/lib/crt1.o
                0x00000000000135d8                PROVIDE (__rel_iplt_start, .)
 *(SORT(.rel.iplt))
 .rel.iplt      0x0000000000000000        0x0 /usr/local/arm/gcc-linaro-4.9.4-2017.01-x86_64_arm-linux-gnueabihf/bin/../arm-linux-gnueabihf/libc/usr/lib/crt1.o
                0x00000000000135d8                PROVIDE (__rel_iplt_end, .)

.rela.dyn       0x00000000000135d8        0x0
 *(SORT(.rela.init))
 *(SORT(.rela.text) SORT(.rela.text.*) SORT(.rela.gnu.linkonce.t.*))
 *(SORT(.rela.fini))
 *(SORT(.rela.rodata) SORT(.rela.rodata.*) SORT(.rela.gnu.linkonce.r.*))
 *(SORT(.rela.data) SORT(.rela.data.*) SORT(.rela.gnu.linkonce.d.*))
 *(SORT(.rela.tdata) SORT(.rela.tdata.*) SORT(.rela.gnu.linkonce.td.*))
 *(SORT(.rela.tbss) SORT(.rela.tbss.*) SORT(.rela.gnu.linkonce.tb.*))
 *(SORT(.rela.ctors))
 *(SORT(.rela.dtors))
 *(SORT(.rela.got))
 *(SORT(.rela.bss) SORT(.rela.bss.*) SORT(.rela.gnu.linkonce.b.*))
                0x00000000000135d8                PROVIDE (__rela_iplt_start, .)
 *(SORT(.rela.iplt))
                0x00000000000135d8                PROVIDE (__rela_iplt_end, .)

.rel.plt        0x00000000000135d8      0xbf0
 *(SORT(.rel.plt))
 .rel.plt       0x00000000000135d8      0xbf0 /usr/local/arm/gcc-linaro-4.9.4-2017.01-x86_64_arm-linux-gnueabihf/bin/../arm-linux-gnueabihf/libc/usr/lib/crt1.o

.rela.plt
 *(SORT(.rela.plt))

.init           0x00000000000141c8        0xc
 *(SORT(.init))
 .init          0x00000000000141c8        0x8 /usr/local/arm/gcc-linaro-4.9.4-2017.01-x86_64_arm-linux-gnueabihf/bin/../arm-linux-gnueabihf/libc/usr/lib/crti.o
                0x00000000000141c8                _init
 .init          0x00000000000141d0        0x4 /usr/local/arm/gcc-linaro-4.9.4-2017.01-x86_64_arm-linux-gnueabihf/bin/../arm-linux-gnueabihf/libc/usr/lib/crtn.o

.plt            0x00000000000141d4     0x12dc
 *(SORT(.plt))
 .plt           0x00000000000141d4     0x12dc /usr/local/arm/gcc-linaro-4.9.4-2017.01-x86_64_arm-linux-gnueabihf/bin/../arm-linux-gnueabihf/libc/usr/lib/crt1.o
                0x00000000000141e8                fdopen@@GLIBC_2.4
                0x00000000000141f4                sched_get_priority_min@@GLIBC_2.4
                0x0000000000014204                fputs_unlocked@@GLIBC_2.4
                0x0000000000014210                strstr@@GLIBC_2.4
                0x000000000001421c                gnu_dev_major@@GLIBC_2.4
                0x0000000000014228                ether_hostton@@GLIBC_2.4
                0x0000000000014234                raise@@GLIBC_2.4
                0x0000000000014240                lutimes@@GLIBC_2.4
                0x000000000001424c                cfmakeraw@@GLIBC_2.4
                0x0000000000014258                vasprintf@@GLIBC_2.4
                0x0000000000014264                sendfile64@@GLIBC_2.4
                0x0000000000014270                addmntent@@GLIBC_2.4
                0x000000000001427c                gmtime_r@@GLIBC_2.4
                0x0000000000014288                log@@GLIBC_2.4
                0x0000000000014294                strverscmp@@GLIBC_2.4
                0x00000000000142a0                inet_aton@@GLIBC_2.4
                0x00000000000142ac                fsync@@GLIBC_2.4
                0x00000000000142bc                setbuf@@GLIBC_2.4
                0x00000000000142c8                strcasestr@@GLIBC_2.4
                0x00000000000142d8                strcmp@@GLIBC_2.4
                0x00000000000142e4                ns_name_uncompress@@GLIBC_2.9
                0x00000000000142f0                strtol@@GLIBC_2.4
                0x00000000000142fc                setsockopt@@GLIBC_2.4
                0x0000000000014308                strcspn@@GLIBC_2.4
                0x0000000000014314                times@@GLIBC_2.4
                0x0000000000014324                gnu_dev_makedev@@GLIBC_2.4
                0x0000000000014330                dprintf@@GLIBC_2.4
                0x000000000001433c                pause@@GLIBC_2.4
                0x0000000000014348                clearenv@@GLIBC_2.4
                0x0000000000014358                printf@@GLIBC_2.4
                0x0000000000014364                hstrerror@@GLIBC_2.4
                0x0000000000014370                gnu_dev_minor@@GLIBC_2.4
                0x000000000001437c                getusershell@@GLIBC_2.4
                0x0000000000014388                regerror@@GLIBC_2.4
                0x0000000000014394                setrlimit64@@GLIBC_2.4
                0x00000000000143a0                read@@GLIBC_2.4
                0x00000000000143ac                tcflush@@GLIBC_2.4
                0x00000000000143b8                mktime@@GLIBC_2.4
                0x00000000000143c4                longjmp@@GLIBC_2.4
                0x00000000000143d4                fflush@@GLIBC_2.4
                0x00000000000143e0                utmpxname@@GLIBC_2.4
                0x00000000000143ec                if_indextoname@@GLIBC_2.4
                0x00000000000143f8                getuid@@GLIBC_2.4
                0x0000000000014408                sigprocmask@@GLIBC_2.4
                0x0000000000014414                _setjmp@@GLIBC_2.4
                0x0000000000014420                memmove@@GLIBC_2.4
                0x000000000001442c                lsetxattr@@GLIBC_2.4
                0x0000000000014438                strchrnul@@GLIBC_2.4
                0x0000000000014448                free@@GLIBC_2.4
                0x0000000000014454                unshare@@GLIBC_2.4
                0x0000000000014460                getresgid@@GLIBC_2.4
                0x000000000001446c                nanosleep@@GLIBC_2.4
                0x0000000000014478                fileno_unlocked@@GLIBC_2.4
                0x0000000000014484                inet_pton@@GLIBC_2.4
                0x0000000000014490                _exit@@GLIBC_2.4
                0x000000000001449c                pututxline@@GLIBC_2.4
                0x00000000000144ac                memcpy@@GLIBC_2.4
                0x00000000000144b8                tcsendbreak@@GLIBC_2.4
                0x00000000000144c4                pivot_root@@GLIBC_2.4
                0x00000000000144d0                execvp@@GLIBC_2.4
                0x00000000000144dc                execlp@@GLIBC_2.4
                0x00000000000144e8                mmap64@@GLIBC_2.4
                0x00000000000144f4                shmget@@GLIBC_2.4
                0x0000000000014500                signal@@GLIBC_2.4
                0x000000000001450c                time@@GLIBC_2.4
                0x0000000000014518                rmdir@@GLIBC_2.4
                0x0000000000014524                gethostid@@GLIBC_2.4
                0x0000000000014530                tcsetpgrp@@GLIBC_2.4
                0x000000000001453c                sendmsg@@GLIBC_2.4
                0x0000000000014548                pow@@GLIBC_2.4
                0x0000000000014554                ftruncate64@@GLIBC_2.4
                0x0000000000014560                memcmp@@GLIBC_2.4
                0x000000000001456c                inet_ntoa@@GLIBC_2.4
                0x0000000000014578                select@@GLIBC_2.4
                0x0000000000014584                swapon@@GLIBC_2.4
                0x0000000000014594                sleep@@GLIBC_2.4
                0x00000000000145a0                stpcpy@@GLIBC_2.4
                0x00000000000145ac                fputc_unlocked@@GLIBC_2.4
                0x00000000000145b8                getc_unlocked@@GLIBC_2.4
                0x00000000000145c4                uname@@GLIBC_2.4
                0x00000000000145d0                ctime@@GLIBC_2.4
                0x00000000000145dc                removexattr@@GLIBC_2.4
                0x00000000000145e8                gethostbyaddr@@GLIBC_2.4
                0x00000000000145f4                recvfrom@@GLIBC_2.4
                0x0000000000014600                strdup@@GLIBC_2.4
                0x000000000001460c                setutxent@@GLIBC_2.4
                0x0000000000014618                syncfs@@GLIBC_2.14
                0x0000000000014624                cfgetispeed@@GLIBC_2.4
                0x0000000000014634                rewind@@GLIBC_2.4
                0x0000000000014644                alarm@@GLIBC_2.4
                0x0000000000014650                msgctl@@GLIBC_2.4
                0x0000000000014660                sysconf@@GLIBC_2.4
                0x0000000000014670                unlink@@GLIBC_2.4
                0x000000000001467c                dup2@@GLIBC_2.4
                0x0000000000014688                reboot@@GLIBC_2.4
                0x0000000000014694                getrlimit64@@GLIBC_2.4
                0x00000000000146a0                realloc@@GLIBC_2.4
                0x00000000000146ac                killpg@@GLIBC_2.4
                0x00000000000146b8                strptime@@GLIBC_2.4
                0x00000000000146c4                dup@@GLIBC_2.4
                0x00000000000146d0                socketpair@@GLIBC_2.4
                0x00000000000146dc                atoll@@GLIBC_2.4
                0x00000000000146e8                getpriority@@GLIBC_2.4
                0x00000000000146f4                setns@@GLIBC_2.14
                0x0000000000014700                sigismember@@GLIBC_2.4
                0x000000000001470c                regexec@@GLIBC_2.4
                0x0000000000014718                localtime_r@@GLIBC_2.4
                0x0000000000014724                wait@@GLIBC_2.4
                0x0000000000014730                getlogin_r@@GLIBC_2.4
                0x000000000001473c                ns_initparse@@GLIBC_2.9
                0x0000000000014748                shmat@@GLIBC_2.4
                0x0000000000014754                sigisemptyset@@GLIBC_2.4
                0x0000000000014760                chdir@@GLIBC_2.4
                0x000000000001476c                strcasecmp@@GLIBC_2.4
                0x0000000000014778                getpgrp@@GLIBC_2.4
                0x0000000000014784                unlockpt@@GLIBC_2.4
                0x0000000000014790                geteuid@@GLIBC_2.4
                0x000000000001479c                strsignal@@GLIBC_2.4
                0x00000000000147a8                tzset@@GLIBC_2.4
                0x00000000000147b4                poll@@GLIBC_2.4
                0x00000000000147c0                accept@@GLIBC_2.4
                0x00000000000147cc                setgroups@@GLIBC_2.4
                0x00000000000147dc                cfsetospeed@@GLIBC_2.4
                0x00000000000147e8                semop@@GLIBC_2.4
                0x00000000000147f4                seteuid@@GLIBC_2.4
                0x0000000000014804                __fxstat64@@GLIBC_2.4
                0x0000000000014810                readlink@@GLIBC_2.4
                0x000000000001481c                getegid@@GLIBC_2.4
                0x000000000001482c                sigaction@@GLIBC_2.4
                0x000000000001483c                fwrite@@GLIBC_2.4
                0x0000000000014848                strcat@@GLIBC_2.4
                0x0000000000014854                getsockopt@@GLIBC_2.4
                0x0000000000014864                ioctl@@GLIBC_2.4
                0x0000000000014870                sched_getscheduler@@GLIBC_2.4
                0x000000000001487c                lseek64@@GLIBC_2.4
                0x0000000000014888                regfree@@GLIBC_2.4
                0x0000000000014894                strtoll@@GLIBC_2.4
                0x00000000000148a0                capget@@GLIBC_2.4
                0x00000000000148ac                usleep@@GLIBC_2.4
                0x00000000000148b8                readahead@@GLIBC_2.4
                0x00000000000148c4                waitpid@@GLIBC_2.4
                0x00000000000148d0                hasmntopt@@GLIBC_2.4
                0x00000000000148e0                tcsetattr@@GLIBC_2.4
                0x00000000000148ec                munlock@@GLIBC_2.4
                0x00000000000148fc                strcpy@@GLIBC_2.4
                0x0000000000014908                chroot@@GLIBC_2.4
                0x0000000000014914                gettimeofday@@GLIBC_2.4
                0x0000000000014920                fread@@GLIBC_2.4
                0x000000000001492c                pread64@@GLIBC_2.4
                0x0000000000014938                sched_yield@@GLIBC_2.4
                0x0000000000014944                ptsname_r@@GLIBC_2.4
                0x0000000000014950                ferror_unlocked@@GLIBC_2.4
                0x000000000001495c                shmctl@@GLIBC_2.4
                0x0000000000014968                creat64@@GLIBC_2.4
                0x0000000000014974                strtok_r@@GLIBC_2.4
                0x0000000000014980                daemon@@GLIBC_2.4
                0x000000000001498c                getmntent@@GLIBC_2.4
                0x0000000000014998                opendir@@GLIBC_2.4
                0x00000000000149a4                umount2@@GLIBC_2.4
                0x00000000000149b0                setxattr@@GLIBC_2.4
                0x00000000000149bc                fnmatch@@GLIBC_2.4
                0x00000000000149c8                open64@@GLIBC_2.4
                0x00000000000149d4                sched_get_priority_max@@GLIBC_2.4
                0x00000000000149e0                getenv@@GLIBC_2.4
                0x00000000000149ec                setpriority@@GLIBC_2.4
                0x00000000000149f8                mkstemp64@@GLIBC_2.4
                0x0000000000014a08                puts@@GLIBC_2.4
                0x0000000000014a14                setgid@@GLIBC_2.4
                0x0000000000014a20                sysinfo@@GLIBC_2.4
                0x0000000000014a2c                malloc@@GLIBC_2.4
                0x0000000000014a38                settimeofday@@GLIBC_2.4
                0x0000000000014a48                sigaddset@@GLIBC_2.4
                0x0000000000014a54                __libc_start_main@@GLIBC_2.4
                0x0000000000014a64                strerror@@GLIBC_2.4
                0x0000000000014a70                system@@GLIBC_2.4
                0x0000000000014a7c                strftime@@GLIBC_2.4
                0x0000000000014a88                tcdrain@@GLIBC_2.4
                0x0000000000014a94                __h_errno_location@@GLIBC_2.4
                0x0000000000014aa0                adjtimex@@GLIBC_2.4
                0x0000000000014aac                localtime@@GLIBC_2.4
                0x0000000000014ab8                strsep@@GLIBC_2.4
                0x0000000000014ac4                lremovexattr@@GLIBC_2.4
                0x0000000000014ad0                mktemp@@GLIBC_2.4
                0x0000000000014adc                scanf@@GLIBC_2.4
                0x0000000000014ae8                closelog@@GLIBC_2.4
                0x0000000000014af4                sethostname@@GLIBC_2.4
                0x0000000000014b00                dirname@@GLIBC_2.4
                0x0000000000014b18                freopen64@@GLIBC_2.4
                0x0000000000014b28                mempcpy@@GLIBC_2.4
                0x0000000000014b34                rename@@GLIBC_2.4
                0x0000000000014b40                getopt_long@@GLIBC_2.4
                0x0000000000014b50                kill@@GLIBC_2.4
                0x0000000000014b5c                getcwd@@GLIBC_2.4
                0x0000000000014b68                getpid@@GLIBC_2.4
                0x0000000000014b74                exit@@GLIBC_2.4
                0x0000000000014b84                syscall@@GLIBC_2.4
                0x0000000000014b90                sin@@GLIBC_2.4
                0x0000000000014b9c                flock@@GLIBC_2.4
                0x0000000000014ba8                strtoul@@GLIBC_2.4
                0x0000000000014bb4                tcgetpgrp@@GLIBC_2.4
                0x0000000000014bc4                strlen@@GLIBC_2.4
                0x0000000000014bd0                getchar_unlocked@@GLIBC_2.4
                0x0000000000014bdc                setsid@@GLIBC_2.4
                0x0000000000014be8                vprintf@@GLIBC_2.4
                0x0000000000014bf4                setpgrp@@GLIBC_2.4
                0x0000000000014c00                sched_getparam@@GLIBC_2.4
                0x0000000000014c0c                strchr@@GLIBC_2.4
                0x0000000000014c18                srand@@GLIBC_2.4
                0x0000000000014c28                setenv@@GLIBC_2.4
                0x0000000000014c34                personality@@GLIBC_2.4
                0x0000000000014c40                memrchr@@GLIBC_2.4
                0x0000000000014c4c                ttyname_r@@GLIBC_2.4
                0x0000000000014c58                fchown@@GLIBC_2.4
                0x0000000000014c64                execve@@GLIBC_2.4
                0x0000000000014c70                nice@@GLIBC_2.4
                0x0000000000014c7c                getopt@@GLIBC_2.4
                0x0000000000014c88                fprintf@@GLIBC_2.4
                0x0000000000014c94                getpagesize@@GLIBC_2.4
                0x0000000000014ca0                cfsetispeed@@GLIBC_2.4
                0x0000000000014cb0                chown@@GLIBC_2.4
                0x0000000000014cbc                ungetc@@GLIBC_2.4
                0x0000000000014ccc                fcntl@@GLIBC_2.4
                0x0000000000014cd8                grantpt@@GLIBC_2.4
                0x0000000000014ce4                execv@@GLIBC_2.4
                0x0000000000014cf0                sqrt@@GLIBC_2.4
                0x0000000000014cfc                cfgetospeed@@GLIBC_2.4
                0x0000000000014d08                sigfillset@@GLIBC_2.4
                0x0000000000014d14                __errno_location@@GLIBC_2.4
                0x0000000000014d24                strncasecmp@@GLIBC_2.4
                0x0000000000014d30                getservbyname@@GLIBC_2.4
                0x0000000000014d3c                klogctl@@GLIBC_2.4
                0x0000000000014d4c                snprintf@@GLIBC_2.4
                0x0000000000014d58                mkdir@@GLIBC_2.4
                0x0000000000014d64                semget@@GLIBC_2.4
                0x0000000000014d70                bind@@GLIBC_2.4
                0x0000000000014d7c                setvbuf@@GLIBC_2.4
                0x0000000000014d88                getservbyport@@GLIBC_2.4
                0x0000000000014d94                getgid@@GLIBC_2.4
                0x0000000000014da4                memset@@GLIBC_2.4
                0x0000000000014db0                getmntent_r@@GLIBC_2.4
                0x0000000000014dbc                bsearch@@GLIBC_2.4
                0x0000000000014dc8                sigtimedwait@@GLIBC_2.4
                0x0000000000014dd4                utimes@@GLIBC_2.4
                0x0000000000014de4                strncpy@@GLIBC_2.4
                0x0000000000014df0                fscanf@@GLIBC_2.4
                0x0000000000014dfc                mallopt@@GLIBC_2.4
                0x0000000000014e08                sigsuspend@@GLIBC_2.4
                0x0000000000014e14                strtoull@@GLIBC_2.4
                0x0000000000014e20                ns_get16@@GLIBC_2.9
                0x0000000000014e2c                wait3@@GLIBC_2.4
                0x0000000000014e38                statvfs64@@GLIBC_2.4
                0x0000000000014e44                prctl@@GLIBC_2.4
                0x0000000000014e54                strtod@@GLIBC_2.4
                0x0000000000014e60                link@@GLIBC_2.4
                0x0000000000014e70                write@@GLIBC_2.4
                0x0000000000014e7c                sigdelset@@GLIBC_2.4
                0x0000000000014e88                mlock@@GLIBC_2.4
                0x0000000000014e94                asprintf@@GLIBC_2.4
                0x0000000000014ea0                getopt_long_only@@GLIBC_2.4
                0x0000000000014eac                ether_aton_r@@GLIBC_2.4
                0x0000000000014eb8                shmdt@@GLIBC_2.4
                0x0000000000014ec4                vfork@@GLIBC_2.4
                0x0000000000014ed0                memchr@@GLIBC_2.4
                0x0000000000014edc                vsprintf@@GLIBC_2.4
                0x0000000000014ee8                sched_setaffinity@@GLIBC_2.4
                0x0000000000014ef4                access@@GLIBC_2.4
                0x0000000000014f00                rand@@GLIBC_2.4
                0x0000000000014f0c                setegid@@GLIBC_2.4
                0x0000000000014f1c                fclose@@GLIBC_2.4
                0x0000000000014f28                getsid@@GLIBC_2.4
                0x0000000000014f34                strnlen@@GLIBC_2.4
                0x0000000000014f40                pipe@@GLIBC_2.4
                0x0000000000014f4c                fseeko64@@GLIBC_2.4
                0x0000000000014f5c                endmntent@@GLIBC_2.4
                0x0000000000014f68                munmap@@GLIBC_2.4
                0x0000000000014f74                posix_fallocate64@@GLIBC_2.4
                0x0000000000014f80                strtok@@GLIBC_2.4
                0x0000000000014f8c                glob64@@GLIBC_2.4
                0x0000000000014f98                semctl@@GLIBC_2.4
                0x0000000000014fa4                sendto@@GLIBC_2.4
                0x0000000000014fb0                shutdown@@GLIBC_2.4
                0x0000000000014fbc                endutxent@@GLIBC_2.4
                0x0000000000014fc8                sigemptyset@@GLIBC_2.4
                0x0000000000014fd4                popen@@GLIBC_2.4
                0x0000000000014fe0                getresuid@@GLIBC_2.4
                0x0000000000014fec                fork@@GLIBC_2.4
                0x0000000000014ff8                execle@@GLIBC_2.4
                0x0000000000015008                putenv@@GLIBC_2.4
                0x0000000000015014                stime@@GLIBC_2.4
                0x0000000000015020                getnameinfo@@GLIBC_2.4
                0x000000000001502c                execl@@GLIBC_2.4
                0x0000000000015038                strrchr@@GLIBC_2.4
                0x0000000000015044                listen@@GLIBC_2.4
                0x0000000000015050                vfprintf@@GLIBC_2.4
                0x000000000001505c                ns_parserr@@GLIBC_2.9
                0x0000000000015068                statfs64@@GLIBC_2.4
                0x0000000000015074                __sigsetjmp@@GLIBC_2.4
                0x0000000000015080                lchown@@GLIBC_2.4
                0x000000000001508c                fputc@@GLIBC_2.4
                0x0000000000015098                globfree64@@GLIBC_2.4
                0x00000000000150a4                syslog@@GLIBC_2.4
                0x00000000000150b0                setresuid@@GLIBC_2.4
                0x00000000000150bc                symlink@@GLIBC_2.4
                0x00000000000150c8                updwtmpx@@GLIBC_2.4
                0x00000000000150d4                setuid@@GLIBC_2.4
                0x00000000000150e0                sscanf@@GLIBC_2.4
                0x00000000000150ec                setpgid@@GLIBC_2.4
                0x00000000000150f8                clearerr@@GLIBC_2.4
                0x0000000000015108                sprintf@@GLIBC_2.4
                0x0000000000015114                readdir64@@GLIBC_2.4
                0x0000000000015120                mkdtemp@@GLIBC_2.4
                0x000000000001512c                openlog@@GLIBC_2.4
                0x0000000000015138                regcomp@@GLIBC_2.4
                0x0000000000015144                getgroups@@GLIBC_2.4
                0x0000000000015150                exp@@GLIBC_2.4
                0x000000000001515c                getsockname@@GLIBC_2.4
                0x0000000000015168                vsnprintf@@GLIBC_2.4
                0x0000000000015174                getppid@@GLIBC_2.4
                0x0000000000015184                atoi@@GLIBC_2.4
                0x0000000000015190                recvmsg@@GLIBC_2.4
                0x000000000001519c                fchdir@@GLIBC_2.4
                0x00000000000151ac                fopen64@@GLIBC_2.4
                0x00000000000151bc                qsort@@GLIBC_2.4
                0x00000000000151c8                getpeername@@GLIBC_2.4
                0x00000000000151d4                strpbrk@@GLIBC_2.4
                0x00000000000151e0                msgget@@GLIBC_2.4
                0x00000000000151ec                freeaddrinfo@@GLIBC_2.4
                0x00000000000151f8                getaddrinfo@@GLIBC_2.4
                0x0000000000015204                acct@@GLIBC_2.4
                0x0000000000015210                capset@@GLIBC_2.4
                0x0000000000015220                inet_ntop@@GLIBC_2.4
                0x000000000001522c                fgets_unlocked@@GLIBC_2.4
                0x0000000000015238                socket@@GLIBC_2.4
                0x0000000000015244                sched_getaffinity@@GLIBC_2.4
                0x0000000000015250                setmntent@@GLIBC_2.4
                0x000000000001525c                ns_get32@@GLIBC_2.9
                0x0000000000015268                cfsetspeed@@GLIBC_2.4
                0x0000000000015274                atof@@GLIBC_2.4
                0x0000000000015280                inet_addr@@GLIBC_2.4
                0x000000000001528c                __cmsg_nxthdr@@GLIBC_2.4
                0x000000000001529c                sync@@GLIBC_2.4
                0x00000000000152a8                getline@@GLIBC_2.4
                0x00000000000152b4                if_nametoindex@@GLIBC_2.4
                0x00000000000152c4                umask@@GLIBC_2.4
                0x00000000000152d0                swapoff@@GLIBC_2.4
                0x00000000000152dc                chmod@@GLIBC_2.4
                0x00000000000152e8                gethostbyname@@GLIBC_2.4
                0x00000000000152f8                __xstat64@@GLIBC_2.4
                0x0000000000015304                isatty@@GLIBC_2.4
                0x0000000000015310                __xmknod@@GLIBC_2.4
                0x000000000001531c                unsetenv@@GLIBC_2.4
                0x0000000000015328                __res_mkquery@@GLIBC_2.4
                0x0000000000015334                fputs@@GLIBC_2.4
                0x0000000000015344                strncmp@@GLIBC_2.4
                0x0000000000015350                fdatasync@@GLIBC_2.4
                0x000000000001535c                abort@@GLIBC_2.4
                0x0000000000015368                feof_unlocked@@GLIBC_2.4
                0x0000000000015374                getutxent@@GLIBC_2.4
                0x0000000000015384                recv@@GLIBC_2.4
                0x0000000000015394                realpath@@GLIBC_2.4
                0x00000000000153a0                siglongjmp@@GLIBC_2.4
                0x00000000000153b0                close@@GLIBC_2.4
                0x00000000000153c0                __lxstat64@@GLIBC_2.4
                0x00000000000153cc                setresgid@@GLIBC_2.4
                0x00000000000153d8                mkfifo@@GLIBC_2.4
                0x00000000000153e4                send@@GLIBC_2.4
                0x00000000000153f0                connect@@GLIBC_2.4
                0x0000000000015400                closedir@@GLIBC_2.4
                0x000000000001540c                div@@GLIBC_2.4
                0x0000000000015418                atan2@@GLIBC_2.4
                0x0000000000015424                sched_setscheduler@@GLIBC_2.4
                0x0000000000015434                putchar_unlocked@@GLIBC_2.4
                0x0000000000015440                strspn@@GLIBC_2.4
                0x000000000001544c                fchmod@@GLIBC_2.4
                0x0000000000015458                cos@@GLIBC_2.4
                0x0000000000015464                tcgetattr@@GLIBC_2.4
                0x0000000000015474                putc_unlocked@@GLIBC_2.4
                0x0000000000015480                tcgetsid@@GLIBC_2.4
                0x000000000001548c                ftello64@@GLIBC_2.4
                0x0000000000015498                pclose@@GLIBC_2.4
                0x00000000000154a4                mount@@GLIBC_2.4

.iplt           0x00000000000154b0        0x0
 *(SORT(.iplt))
 .iplt          0x0000000000000000        0x0 /usr/local/arm/gcc-linaro-4.9.4-2017.01-x86_64_arm-linux-gnueabihf/bin/../arm-linux-gnueabihf/libc/usr/lib/crt1.o

.text           0x00000000000154b0    0x801fc
 *(SORT(.text.unlikely) SORT(.text.*_unlikely) SORT(.text.unlikely.*))
 *(SORT(.text.exit) SORT(.text.exit.*))
 *(SORT(.text.startup) SORT(.text.startup.*))
 *(SORT(.text.hot) SORT(.text.hot.*))
 *(SORT(.text) SORT(.stub) SORT(.text.*) SORT(.gnu.linkonce.t.*))
 .text.brctl_main
                0x00000000000154b0      0x388 networking/lib.a(brctl.o)
                0x00000000000154b0                brctl_main
 .text.filter_datapoints
                0x0000000000015838       0xd8 networking/lib.a(ntpd.o)
 .text.gettime1900d
                0x0000000000015910       0x50 networking/lib.a(ntpd.o)
 .text.ntp_init
                0x0000000000015960      0x190 networking/lib.a(ntpd.o)
 .text.step_time
                0x0000000000015af0      0x128 networking/lib.a(ntpd.o)
 .text.update_local_clock
                0x0000000000015c18      0x2c0 networking/lib.a(ntpd.o)
 .text.recv_and_process_client_pkt
                0x0000000000015ed8      0x250 networking/lib.a(ntpd.o)
 .text.recv_and_process_peer_pkt
                0x0000000000016128      0x6c8 networking/lib.a(ntpd.o)
 .text.ntpd_main
                0x00000000000167f0      0x3d0 networking/lib.a(ntpd.o)
                0x00000000000167f0                ntpd_main
 .text.cbq_print_opt
                0x0000000000016bc0      0x1a0 networking/lib.a(tc.o)
 .text.iostat_main
                0x0000000000016d60      0x730 procps/lib.a(iostat.o)
                0x0000000000016d60                iostat_main
 .text.write_stats_core
                0x0000000000017490      0x598 procps/lib.a(mpstat.o)
 .text.powertop_main
                0x0000000000017a28      0x4a8 procps/lib.a(powertop.o)
                0x0000000000017a28                powertop_main
 .text.showmode
                0x0000000000017ed0      0x120 util-linux/lib.a(fbset.o)
 .text.script_main
                0x0000000000017ff0      0x320 util-linux/lib.a(script.o)
                0x0000000000017ff0                script_main
 .text.scriptreplay_main
                0x0000000000018310       0x88 util-linux/lib.a(scriptreplay.o)
                0x0000000000018310                scriptreplay_main
 .text.dd_output_status
                0x0000000000018398       0xe0 coreutils/lib.a(dd.o)
 .text.df_main  0x0000000000018478      0x318 coreutils/lib.a(df.o)
                0x0000000000018478                df_main
 .text.sleep_main
                0x0000000000018790      0x130 coreutils/lib.a(sleep.o)
                0x0000000000018790                sleep_main
 .text.evaluate
                0x00000000000188c0      0xa48 editors/lib.a(awk.o)
 .text.awk_main
                0x0000000000019308      0x330 editors/lib.a(awk.o)
                0x0000000000019308                awk_main
 .text.bootchartd_main
                0x0000000000019638      0x3b8 init/lib.a(bootchartd.o)
                0x0000000000019638                bootchartd_main
 .text          0x00000000000199f0      0x278 /usr/local/arm/gcc-linaro-4.9.4-2017.01-x86_64_arm-linux-gnueabihf/bin/../lib/gcc/arm-linux-gnueabihf/4.9.4/libgcc.a(_udivsi3.o)
                0x00000000000199f0                __aeabi_uidiv
                0x00000000000199f0                __udivsi3
                0x0000000000019c4c                __aeabi_uidivmod
 .text          0x0000000000019c68      0x2b0 /usr/local/arm/gcc-linaro-4.9.4-2017.01-x86_64_arm-linux-gnueabihf/bin/../lib/gcc/arm-linux-gnueabihf/4.9.4/libgcc.a(_divsi3.o)
                0x0000000000019c68                __divsi3
                0x0000000000019c68                __aeabi_idiv
                0x0000000000019efc                __aeabi_idivmod
 .text          0x0000000000019f18       0x48 /usr/local/arm/gcc-linaro-4.9.4-2017.01-x86_64_arm-linux-gnueabihf/bin/../lib/gcc/arm-linux-gnueabihf/4.9.4/libgcc.a(_fixunsdfdi.o)
                0x0000000000019f18                __aeabi_d2ulz
                0x0000000000019f18                __fixunsdfdi
 .text          0x0000000000019f60       0x30 /usr/local/arm/gcc-linaro-4.9.4-2017.01-x86_64_arm-linux-gnueabihf/bin/../arm-linux-gnueabihf/libc/usr/lib/crt1.o
                0x0000000000019f60                _start
 .text          0x0000000000019f90       0x24 /usr/local/arm/gcc-linaro-4.9.4-2017.01-x86_64_arm-linux-gnueabihf/bin/../arm-linux-gnueabihf/libc/usr/lib/crti.o
 .text          0x0000000000019fb4       0x8c /usr/local/arm/gcc-linaro-4.9.4-2017.01-x86_64_arm-linux-gnueabihf/bin/../lib/gcc/arm-linux-gnueabihf/4.9.4/crtbegin.o
 .text.unpack_usage_messages
                0x000000000001a040       0x50 libbb/lib.a(appletlib.o)
 .text.find_applet_by_name
                0x000000000001a090       0x74 libbb/lib.a(appletlib.o)
                0x000000000001a090                find_applet_by_name
 .text.bb_show_usage
                0x000000000001a104       0x78 libbb/lib.a(appletlib.o)
                0x000000000001a104                bb_show_usage
 .text.parse_config_file
                0x000000000001a17c      0x200 libbb/lib.a(appletlib.o)
 .text.lbb_prepare
                0x000000000001a37c       0x1c libbb/lib.a(appletlib.o)
                0x000000000001a37c                lbb_prepare
 .text.run_applet_no_and_exit
                0x000000000001a398      0x188 libbb/lib.a(appletlib.o)
                0x000000000001a398                run_applet_no_and_exit
 .text.run_applet_and_exit
                0x000000000001a520      0x248 libbb/lib.a(appletlib.o)
 .text.main     0x000000000001a768       0x50 libbb/lib.a(appletlib.o)
                0x000000000001a768                main
 .text.concat_path_file
                0x000000000001a7b8       0x44 libbb/lib.a(concat_path_file.o)
                0x000000000001a7b8                concat_path_file
 .text.bb_perror_msg
                0x000000000001a7fc       0x30 libbb/lib.a(perror_msg.o)
                0x000000000001a7fc                bb_perror_msg
 .text.bb_perror_msg_and_die
                0x000000000001a82c       0x2c libbb/lib.a(perror_msg.o)
                0x000000000001a82c                bb_perror_msg_and_die
 .text.bb_simple_perror_msg
                0x000000000001a858        0xc libbb/lib.a(perror_msg.o)
                0x000000000001a858                bb_simple_perror_msg
 .text.bb_simple_perror_msg_and_die
                0x000000000001a864       0x10 libbb/lib.a(perror_msg.o)
                0x000000000001a864                bb_simple_perror_msg_and_die
 .text.skip_dev_pfx
                0x000000000001a874       0x18 libbb/lib.a(skip_whitespace.o)
                0x000000000001a874                skip_dev_pfx
 .text.bb_verror_msg
                0x000000000001a88c      0x160 libbb/lib.a(verror_msg.o)
                0x000000000001a88c                bb_verror_msg
 .text.xfdopen_helper
                0x000000000001a9ec       0x28 libbb/lib.a(wfopen.o)
 .text.fopen_for_read
                0x000000000001aa14        0xc libbb/lib.a(wfopen.o)
                0x000000000001aa14                fopen_for_read
 .text.xfopen_for_read
                0x000000000001aa20        0xc libbb/lib.a(wfopen.o)
                0x000000000001aa20                xfopen_for_read
 .text.fopen_for_write
                0x000000000001aa2c        0xc libbb/lib.a(wfopen.o)
                0x000000000001aa2c                fopen_for_write
 .text.xfopen_for_write
                0x000000000001aa38        0xc libbb/lib.a(wfopen.o)
                0x000000000001aa38                xfopen_for_write
 .text.xfunc_die
                0x000000000001aa44       0x1c libbb/lib.a(xfunc_die.o)
                0x000000000001aa44                xfunc_die
 .text.utoa_to_buf
                0x000000000001aa60       0x64 libbb/lib.a(xfuncs.o)
                0x000000000001aa60                utoa_to_buf
 .text.utoa     0x000000000001aac4       0x18 libbb/lib.a(xfuncs.o)
                0x000000000001aac4                utoa
 .text.itoa     0x000000000001aadc       0x18 libbb/lib.a(xfuncs.o)
                0x000000000001aadc                itoa
 .text.bin2hex  0x000000000001aaf4       0x3c libbb/lib.a(xfuncs.o)
                0x000000000001aaf4                bin2hex
 .text.hex2bin  0x000000000001ab30       0x90 libbb/lib.a(xfuncs.o)
                0x000000000001ab30                hex2bin
 .text.get_terminal_width_height
                0x000000000001abc0       0xd4 libbb/lib.a(xfuncs.o)
                0x000000000001abc0                get_terminal_width_height
 .text.safe_waitpid
                0x000000000001ac94       0x28 libbb/lib.a(xfuncs.o)
                0x000000000001ac94                safe_waitpid
 .text.wait_for_exitstatus
                0x000000000001acbc       0x20 libbb/lib.a(xfuncs.o)
                0x000000000001acbc                wait_for_exitstatus
 .text.bb_die_memory_exhausted
                0x000000000001acdc        0xc libbb/lib.a(xfuncs_printf.o)
                0x000000000001acdc                bb_die_memory_exhausted
 .text.malloc_or_warn
                0x000000000001ace8       0x1c libbb/lib.a(xfuncs_printf.o)
                0x000000000001ace8                malloc_or_warn
 .text.xfopen   0x000000000001ad04       0x18 libbb/lib.a(xfuncs_printf.o)
                0x000000000001ad04                xfopen
 .text.xopen3   0x000000000001ad1c       0x1c libbb/lib.a(xfuncs_printf.o)
                0x000000000001ad1c                xopen3
 .text.open3_or_warn
                0x000000000001ad38       0x1c libbb/lib.a(xfuncs_printf.o)
                0x000000000001ad38                open3_or_warn
 .text.xunlink  0x000000000001ad54       0x18 libbb/lib.a(xfuncs_printf.o)
                0x000000000001ad54                xunlink
 .text.xrename  0x000000000001ad6c       0x1c libbb/lib.a(xfuncs_printf.o)
                0x000000000001ad6c                xrename
 .text.rename_or_warn
                0x000000000001ad88       0x20 libbb/lib.a(xfuncs_printf.o)
                0x000000000001ad88                rename_or_warn
 .text.xpipe    0x000000000001ada8       0x14 libbb/lib.a(xfuncs_printf.o)
                0x000000000001ada8                xpipe
 .text.xdup2    0x000000000001adbc       0x18 libbb/lib.a(xfuncs_printf.o)
                0x000000000001adbc                xdup2
 .text.xwrite   0x000000000001add4       0x28 libbb/lib.a(xfuncs_printf.o)
                0x000000000001add4                xwrite
 .text.xclose   0x000000000001adfc       0x14 libbb/lib.a(xfuncs_printf.o)
                0x000000000001adfc                xclose
 .text.xlseek   0x000000000001ae10       0x38 libbb/lib.a(xfuncs_printf.o)
                0x000000000001ae10                xlseek
 .text.xmkstemp
                0x000000000001ae48       0x1c libbb/lib.a(xfuncs_printf.o)
                0x000000000001ae48                xmkstemp
 .text.die_if_ferror
                0x000000000001ae64       0x18 libbb/lib.a(xfuncs_printf.o)
                0x000000000001ae64                die_if_ferror
 .text.die_if_ferror_stdout
                0x000000000001ae7c       0x14 libbb/lib.a(xfuncs_printf.o)
                0x000000000001ae7c                die_if_ferror_stdout
 .text.xsetgid  0x000000000001ae90       0x14 libbb/lib.a(xfuncs_printf.o)
                0x000000000001ae90                xsetgid
 .text.xsetuid  0x000000000001aea4       0x14 libbb/lib.a(xfuncs_printf.o)
                0x000000000001aea4                xsetuid
 .text.xsetegid
                0x000000000001aeb8       0x14 libbb/lib.a(xfuncs_printf.o)
                0x000000000001aeb8                xsetegid
 .text.xseteuid
                0x000000000001aecc       0x14 libbb/lib.a(xfuncs_printf.o)
                0x000000000001aecc                xseteuid
 .text.xchdir   0x000000000001aee0       0x18 libbb/lib.a(xfuncs_printf.o)
                0x000000000001aee0                xchdir
 .text.xfchdir  0x000000000001aef8       0x14 libbb/lib.a(xfuncs_printf.o)
                0x000000000001aef8                xfchdir
 .text.xchroot  0x000000000001af0c       0x24 libbb/lib.a(xfuncs_printf.o)
                0x000000000001af0c                xchroot
 .text.warn_opendir
                0x000000000001af30       0x1c libbb/lib.a(xfuncs_printf.o)
                0x000000000001af30                warn_opendir
 .text.xopendir
                0x000000000001af4c       0x18 libbb/lib.a(xfuncs_printf.o)
                0x000000000001af4c                xopendir
 .text.xsocket  0x000000000001af64       0x18 libbb/lib.a(xfuncs_printf.o)
                0x000000000001af64                xsocket
 .text.xbind    0x000000000001af7c       0x14 libbb/lib.a(xfuncs_printf.o)
                0x000000000001af7c                xbind
 .text.xlisten  0x000000000001af90       0x14 libbb/lib.a(xfuncs_printf.o)
                0x000000000001af90                xlisten
 .text.xsendto  0x000000000001afa4       0x20 libbb/lib.a(xfuncs_printf.o)
                0x000000000001afa4                xsendto
 .text.xstat    0x000000000001afc4       0x18 libbb/lib.a(xfuncs_printf.o)
                0x000000000001afc4                xstat
 .text.ioctl_or_perror_and_die
                0x000000000001afdc       0x38 libbb/lib.a(xfuncs_printf.o)
                0x000000000001afdc                ioctl_or_perror_and_die
 .text.ioctl_or_perror
                0x000000000001b014       0x34 libbb/lib.a(xfuncs_printf.o)
                0x000000000001b014                ioctl_or_perror
 .text.generate_uuid
                0x000000000001b048       0x70 libbb/lib.a(xfuncs_printf.o)
                0x000000000001b048                generate_uuid
 .text.xfork    0x000000000001b0b8       0x18 libbb/lib.a(xfuncs_printf.o)
                0x000000000001b0b8                xfork
 .text.xvfork_parent_waits_and_exits
                0x000000000001b0d0       0x3c libbb/lib.a(xfuncs_printf.o)
                0x000000000001b0d0                xvfork_parent_waits_and_exits
 .text.xmalloc_follow_symlinks
                0x000000000001b10c       0x78 libbb/lib.a(xreadlink.o)
                0x000000000001b10c                xmalloc_follow_symlinks
 .text.xmalloc_readlink_or_warn
                0x000000000001b184       0x38 libbb/lib.a(xreadlink.o)
                0x000000000001b184                xmalloc_readlink_or_warn
 .text.xmalloc_realpath_coreutils
                0x000000000001b1bc       0x60 libbb/lib.a(xreadlink.o)
                0x000000000001b1bc                xmalloc_realpath_coreutils
 .text.bb_full_fd_action
                0x000000000001b21c      0x118 libbb/lib.a(copyfd.o)
 .text.bb_copyfd_exact_size
                0x000000000001b334       0x40 libbb/lib.a(copyfd.o)
                0x000000000001b334                bb_copyfd_exact_size
 .text.safe_read
                0x000000000001b374       0x28 libbb/lib.a(read.o)
                0x000000000001b374                safe_read
 .text.safe_write
                0x000000000001b39c       0x34 libbb/lib.a(safe_write.o)
                0x000000000001b39c                safe_write
 .text.record_signo
                0x000000000001b3d0        0xc libbb/lib.a(signals.o)
                0x000000000001b3d0                record_signo
 .text.get_mono
                0x000000000001b3dc       0x1c libbb/lib.a(time.o)
 .text.parse_datestr
                0x000000000001b3f8      0x2f0 libbb/lib.a(time.o)
                0x000000000001b3f8                parse_datestr
 .text.validate_tm_time
                0x000000000001b6e8       0x1c libbb/lib.a(time.o)
                0x000000000001b6e8                validate_tm_time
 .text.strftime_HHMMSS
                0x000000000001b704       0x2c libbb/lib.a(time.o)
                0x000000000001b704                strftime_HHMMSS
 .text.strftime_YYYYMMDDHHMMSS
                0x000000000001b730       0x2c libbb/lib.a(time.o)
                0x000000000001b730                strftime_YYYYMMDDHHMMSS
 .text.monotonic_us
                0x000000000001b75c       0x24 libbb/lib.a(time.o)
                0x000000000001b75c                monotonic_us
 .text.monotonic_ms
                0x000000000001b780       0x24 libbb/lib.a(time.o)
                0x000000000001b780                monotonic_ms
 .text.handle_errors.isra.0
                0x000000000001b7a4       0x38 libbb/lib.a(bb_strtonum.o)
 .text.bb_strtoull
                0x000000000001b7dc       0x4c libbb/lib.a(bb_strtonum.o)
                0x000000000001b7dc                bb_strtoull
 .text.bb_strtoll
                0x000000000001b828       0x54 libbb/lib.a(bb_strtonum.o)
                0x000000000001b828                bb_strtoll
 .text.bb_strtoul
                0x000000000001b87c       0x48 libbb/lib.a(bb_strtonum.o)
                0x000000000001b87c                bb_strtoul
 .text.bb_strtol
                0x000000000001b8c4       0x50 libbb/lib.a(bb_strtonum.o)
                0x000000000001b8c4                bb_strtol
 .text.get_S    0x000000000001b914       0x7c libpwdgrp/lib.a(pwd_grp.o)
 .text.tokenize
                0x000000000001b990       0x80 libpwdgrp/lib.a(pwd_grp.o)
 .text.parse_common
                0x000000000001ba10       0x94 libpwdgrp/lib.a(pwd_grp.o)
 .text.convert_to_struct
                0x000000000001baa4       0xe0 libpwdgrp/lib.a(pwd_grp.o)
 .text.massage_data_for_r_func
                0x000000000001bb84       0x58 libpwdgrp/lib.a(pwd_grp.o)
 .text.massage_data_for_non_r_func
                0x000000000001bbdc       0x48 libpwdgrp/lib.a(pwd_grp.o)
 .text.getgrouplist_internal
                0x000000000001bc24       0xa0 libpwdgrp/lib.a(pwd_grp.o)
 .text.bb_internal_endpwent
                0x000000000001bcc4       0x1c libpwdgrp/lib.a(pwd_grp.o)
                0x000000000001bcc4                bb_internal_endpwent
 .text.bb_internal_setpwent
                0x000000000001bce0       0x14 libpwdgrp/lib.a(pwd_grp.o)
                0x000000000001bce0                bb_internal_setpwent
 .text.bb_internal_endgrent
                0x000000000001bcf4       0x1c libpwdgrp/lib.a(pwd_grp.o)
                0x000000000001bcf4                bb_internal_endgrent
 .text.get_uidgid
                0x000000000001bd10       0xa0 libpwdgrp/lib.a(uidgid_get.o)
                0x000000000001bd10                get_uidgid
 .text.xget_uidgid
                0x000000000001bdb0       0x18 libpwdgrp/lib.a(uidgid_get.o)
                0x000000000001bdb0                xget_uidgid
 .text.parse_chown_usergroup_or_die
                0x000000000001bdc8       0x5c libpwdgrp/lib.a(uidgid_get.o)
                0x000000000001bdc8                parse_chown_usergroup_or_die
 .text.add_remove_shell_main
                0x000000000001be24       0xf4 loginutils/lib.a(add-remove-shell.o)
                0x000000000001be24                add_remove_shell_main
 .text.addgroup_main
                0x000000000001bf18      0x16c loginutils/lib.a(addgroup.o)
                0x000000000001bf18                addgroup_main
 .text.addgroup_wrapper
                0x000000000001c084       0x48 loginutils/lib.a(adduser.o)
 .text.adduser_main
                0x000000000001c0cc      0x2a8 loginutils/lib.a(adduser.o)
                0x000000000001c0cc                adduser_main
 .text.chpasswd_main
                0x000000000001c374      0x108 loginutils/lib.a(chpasswd.o)
                0x000000000001c374                chpasswd_main
 .text.cryptpw_main
                0x000000000001c47c       0xac loginutils/lib.a(cryptpw.o)
                0x000000000001c47c                cryptpw_main
 .text.deluser_main
                0x000000000001c528      0x11c loginutils/lib.a(deluser.o)
                0x000000000001c528                deluser_main
 .text.set_tty_attrs
                0x000000000001c644       0x20 loginutils/lib.a(getty.o)
 .text.finalize_tty_attrs
                0x000000000001c664       0x68 loginutils/lib.a(getty.o)
 .text.getty_main
                0x000000000001c6cc      0x510 loginutils/lib.a(getty.o)
                0x000000000001c6cc                getty_main
 .text.alarm_handler
                0x000000000001cbdc       0x30 loginutils/lib.a(login.o)
 .text.login_main
                0x000000000001cc0c      0x354 loginutils/lib.a(login.o)
                0x000000000001cc0c                login_main
 .text.passwd_main
                0x000000000001cf60      0x2f0 loginutils/lib.a(passwd.o)
                0x000000000001cf60                passwd_main
 .text.su_main  0x000000000001d250      0x188 loginutils/lib.a(su.o)
                0x000000000001d250                su_main
 .text.sulogin_main
                0x000000000001d3d8       0xe0 loginutils/lib.a(sulogin.o)
                0x000000000001d3d8                sulogin_main
 .text.release_vt
                0x000000000001d4b8       0x18 loginutils/lib.a(vlock.o)
 .text.vlock_main
                0x000000000001d4d0      0x13c loginutils/lib.a(vlock.o)
                0x000000000001d4d0                vlock_main
 .text.makemime_main
                0x000000000001d60c      0x120 mailutils/lib.a(makemime.o)
                0x000000000001d60c                makemime_main
 .text.pop3_checkr
                0x000000000001d72c       0x64 mailutils/lib.a(popmaildir.o)
 .text.popmaildir_main
                0x000000000001d790      0x29c mailutils/lib.a(popmaildir.o)
                0x000000000001d790                popmaildir_main
 .text.parse    0x000000000001da2c      0x2ec mailutils/lib.a(reformime.o)
 .text.reformime_main
                0x000000000001dd18       0x6c mailutils/lib.a(reformime.o)
                0x000000000001dd18                reformime_main
 .text.smtp_checkp
                0x000000000001dd84       0x94 mailutils/lib.a(sendmail.o)
 .text.rcptto   0x000000000001de18       0x30 mailutils/lib.a(sendmail.o)
 .text.sane_address
                0x000000000001de48       0x44 mailutils/lib.a(sendmail.o)
 .text.send_r_n
                0x000000000001de8c       0x2c mailutils/lib.a(sendmail.o)
 .text.sendmail_main
                0x000000000001deb8      0x3b0 mailutils/lib.a(sendmail.o)
                0x000000000001deb8                sendmail_main
 .text.signal_handler
                0x000000000001e268       0x58 mailutils/lib.a(mail.o)
 .text.launch_helper
                0x000000000001e2c0       0xb4 mailutils/lib.a(mail.o)
                0x000000000001e2c0                launch_helper
 .text.send_mail_command
                0x000000000001e374       0x48 mailutils/lib.a(mail.o)
                0x000000000001e374                send_mail_command
 .text.encode_base64
                0x000000000001e3bc       0xc8 mailutils/lib.a(mail.o)
                0x000000000001e3bc                encode_base64
 .text.get_cred_or_die
                0x000000000001e484       0x68 mailutils/lib.a(mail.o)
                0x000000000001e484                get_cred_or_die
 .text.adjtimex_main
                0x000000000001e4ec      0x124 miscutils/lib.a(adjtimex.o)
                0x000000000001e4ec                adjtimex_main
 .text.beep_main
                0x000000000001e610       0xf4 miscutils/lib.a(beep.o)
                0x000000000001e610                beep_main
 .text.signal_handler
                0x000000000001e704        0xc miscutils/lib.a(chat.o)
 .text.chat_main
                0x000000000001e710      0x3c4 miscutils/lib.a(chat.o)
                0x000000000001e710                chat_main
 .text.create_cdev_if_doesnt_exist
                0x000000000001ead4       0x3c miscutils/lib.a(conspy.o)
 .text.start_shell_in_child
                0x000000000001eb10       0xac miscutils/lib.a(conspy.o)
 .text.putcsi   0x000000000001ebbc       0x24 miscutils/lib.a(conspy.o)
 .text.set_cursor
                0x000000000001ebe0       0x34 miscutils/lib.a(conspy.o)
 .text.gotoxy   0x000000000001ec14       0x28 miscutils/lib.a(conspy.o)
 .text.screen_char
                0x000000000001ec3c       0xdc miscutils/lib.a(conspy.o)
 .text.screen_dump
                0x000000000001ed18       0x94 miscutils/lib.a(conspy.o)
 .text.cleanup  0x000000000001edac       0x4c miscutils/lib.a(conspy.o)
 .text.screen_read_close
                0x000000000001edf8       0xc4 miscutils/lib.a(conspy.o)
 .text.conspy_main
                0x000000000001eebc      0x398 miscutils/lib.a(conspy.o)
                0x000000000001eebc                conspy_main
 .text.crondlog
                0x000000000001f254       0x2c miscutils/lib.a(crond.o)
 .text.reopen_logfile_to_stderr
                0x000000000001f280       0x24 miscutils/lib.a(crond.o)
 .text.delete_cronfile
                0x000000000001f2a4       0x68 miscutils/lib.a(crond.o)
 .text.ParseField
                0x000000000001f30c      0x158 miscutils/lib.a(crond.o)
 .text.safe_setenv
                0x000000000001f464       0x28 miscutils/lib.a(crond.o)
 .text.fork_job
                0x000000000001f48c      0x15c miscutils/lib.a(crond.o)
 .text.start_jobs
                0x000000000001f5e8      0x104 miscutils/lib.a(crond.o)
 .text.log7.constprop.0
                0x000000000001f6ec       0x20 miscutils/lib.a(crond.o)
 .text.load_crontab
                0x000000000001f70c      0x2a0 miscutils/lib.a(crond.o)
 .text.rescan_crontab_dir
                0x000000000001f9ac       0x74 miscutils/lib.a(crond.o)
 .text.crond_main
                0x000000000001fa20      0x334 miscutils/lib.a(crond.o)
                0x000000000001fa20                crond_main
 .text.edit_file
                0x000000000001fd54       0x70 miscutils/lib.a(crontab.o)
 .text.crontab_main
                0x000000000001fdc4      0x1b4 miscutils/lib.a(crontab.o)
                0x000000000001fdc4                crontab_main
 .text.pop      0x000000000001ff78       0x28 miscutils/lib.a(dc.o)
 .text.push     0x000000000001ffa0       0x2c miscutils/lib.a(dc.o)
 .text.stack_machine
                0x000000000001ffcc       0x5c miscutils/lib.a(dc.o)
 .text.set_output_base
                0x0000000000020028       0x44 miscutils/lib.a(dc.o)
 .text.print_base
                0x000000000002006c       0xd0 miscutils/lib.a(dc.o)
 .text.print_stack_no_pop
                0x000000000002013c       0x28 miscutils/lib.a(dc.o)
 .text.print_no_pop
                0x0000000000020164       0x2c miscutils/lib.a(dc.o)
 .text.dc_main  0x0000000000020190       0x48 miscutils/lib.a(dc.o)
                0x0000000000020190                dc_main
 .text.devmem_main
                0x00000000000201d8      0x160 miscutils/lib.a(devmem.o)
                0x00000000000201d8                devmem_main
 .text.fb_pixel_value
                0x0000000000020338       0x58 miscutils/lib.a(fbsplash.o)
 .text.fb_write_pixel
                0x0000000000020390       0x30 miscutils/lib.a(fbsplash.o)
 .text.fb_drawfullrectangle
                0x00000000000203c0       0x60 miscutils/lib.a(fbsplash.o)
 .text.fb_drawprogressbar
                0x0000000000020420      0x174 miscutils/lib.a(fbsplash.o)
 .text.fb_setpal
                0x0000000000020594       0x68 miscutils/lib.a(fbsplash.o)
 .text.fbsplash_main
                0x00000000000205fc      0x324 miscutils/lib.a(fbsplash.o)
                0x00000000000205fc                fbsplash_main
 .text.parse_opts
                0x0000000000020920       0x1c miscutils/lib.a(hdparm.o)
 .text.translate_xfermode
                0x000000000002093c       0x54 miscutils/lib.a(hdparm.o)
 .text.xprint_ascii
                0x0000000000020990       0x54 miscutils/lib.a(hdparm.o)
 .text.mode_loop
                0x00000000000209e4       0x5c miscutils/lib.a(hdparm.o)
 .text.print_flag
                0x0000000000020a40       0x10 miscutils/lib.a(hdparm.o)
 .text.on_off   0x0000000000020a50       0x18 miscutils/lib.a(hdparm.o)
 .text.print_flag_on_off
                0x0000000000020a68       0x1c miscutils/lib.a(hdparm.o)
 .text.print_value_on_off
                0x0000000000020a84       0x20 miscutils/lib.a(hdparm.o)
 .text.identify
                0x0000000000020aa4      0xd7c miscutils/lib.a(hdparm.o)
 .text.identify_from_stdin
                0x0000000000021820       0x64 miscutils/lib.a(hdparm.o)
 .text.dump_identity
                0x0000000000021884      0x378 miscutils/lib.a(hdparm.o)
 .text.flush_buffer_cache
                0x0000000000021bfc       0x4c miscutils/lib.a(hdparm.o)
 .text.do_time  0x0000000000021c48      0x160 miscutils/lib.a(hdparm.o)
 .text.ioctl_alt_func.constprop.0
                0x0000000000021da8       0x30 miscutils/lib.a(hdparm.o)
 .text.bus_state_value
                0x0000000000021dd8       0x30 miscutils/lib.a(hdparm.o)
 .text.process_dev
                0x0000000000021e08      0x9f0 miscutils/lib.a(hdparm.o)
 .text.hdparm_main
                0x00000000000227f8      0x3c0 miscutils/lib.a(hdparm.o)
                0x00000000000227f8                hdparm_main
 .text.format_line
                0x0000000000022bb8       0xc0 miscutils/lib.a(hexedit.o)
 .text.redraw_cur_line
                0x0000000000022c78       0x50 miscutils/lib.a(hexedit.o)
 .text.redraw   0x0000000000022cc8       0xb0 miscutils/lib.a(hexedit.o)
 .text.restore_term
                0x0000000000022d78       0x24 miscutils/lib.a(hexedit.o)
 .text.sig_catcher
                0x0000000000022d9c       0x24 miscutils/lib.a(hexedit.o)
 .text.remap    0x0000000000022dc0       0x7c miscutils/lib.a(hexedit.o)
 .text.move_mapping_further
                0x0000000000022e3c       0x60 miscutils/lib.a(hexedit.o)
 .text.move_mapping_lower
                0x0000000000022e9c       0x4c miscutils/lib.a(hexedit.o)
 .text.hexedit_main
                0x0000000000022ee8      0x368 miscutils/lib.a(hexedit.o)
                0x0000000000022ee8                hexedit_main
 .text.i2c_bus_lookup
                0x0000000000023250       0x10 miscutils/lib.a(i2c_tools.o)
 .text.i2c_dev_open
                0x0000000000023260       0x4c miscutils/lib.a(i2c_tools.o)
 .text.check_funcs_test_end
                0x00000000000232ac       0x28 miscutils/lib.a(i2c_tools.o)
 .text.check_read_funcs
                0x00000000000232d4       0x9c miscutils/lib.a(i2c_tools.o)
 .text.i2c_set_slave_addr
                0x0000000000023370       0x24 miscutils/lib.a(i2c_tools.o)
 .text.confirm_or_abort
                0x0000000000023394       0x28 miscutils/lib.a(i2c_tools.o)
 .text.confirm_action
                0x00000000000233bc       0x50 miscutils/lib.a(i2c_tools.o)
 .text.list_i2c_busses_and_exit
                0x000000000002340c      0x170 miscutils/lib.a(i2c_tools.o)
 .text.i2cget_main
                0x000000000002357c      0x144 miscutils/lib.a(i2c_tools.o)
                0x000000000002357c                i2cget_main
 .text.i2cset_main
                0x00000000000236c0      0x3e4 miscutils/lib.a(i2c_tools.o)
                0x00000000000236c0                i2cset_main
 .text.i2cdump_main
                0x0000000000023aa4      0x474 miscutils/lib.a(i2c_tools.o)
                0x0000000000023aa4                i2cdump_main
 .text.i2cdetect_main
                0x0000000000023f18      0x228 miscutils/lib.a(i2c_tools.o)
                0x0000000000023f18                i2cdetect_main
 .text.at_end   0x0000000000024140       0x48 miscutils/lib.a(less.o)
 .text.safe_lineno
                0x0000000000024188       0x28 miscutils/lib.a(less.o)
 .text.sigwinch_handler
                0x00000000000241b0       0x10 miscutils/lib.a(less.o)
 .text.set_tty_cooked
                0x00000000000241c0       0x20 miscutils/lib.a(less.o)
 .text.clear_line
                0x00000000000241e0       0x18 miscutils/lib.a(less.o)
 .text.less_exit
                0x00000000000241f8       0x30 miscutils/lib.a(less.o)
 .text.print_statusline
                0x0000000000024228       0x24 miscutils/lib.a(less.o)
 .text.fill_match_lines
                0x000000000002424c       0x7c miscutils/lib.a(less.o)
 .text.read_lines
                0x00000000000242c8      0x280 miscutils/lib.a(less.o)
 .text.goto_lineno
                0x0000000000024548       0x68 miscutils/lib.a(less.o)
 .text.cap_cur_fline
                0x00000000000245b0       0x68 miscutils/lib.a(less.o)
 .text.re_wrap  0x0000000000024618      0x144 miscutils/lib.a(less.o)
 .text.update_num_lines
                0x000000000002475c       0xa8 miscutils/lib.a(less.o)
 .text.m_status_print
                0x0000000000024804       0xe0 miscutils/lib.a(less.o)
 .text.status_print
                0x00000000000248e4       0x70 miscutils/lib.a(less.o)
 .text.buffer_print
                0x0000000000024954      0x22c miscutils/lib.a(less.o)
 .text.buffer_fill_and_print
                0x0000000000024b80       0x98 miscutils/lib.a(less.o)
 .text.reinitialize
                0x0000000000024c18       0x8c miscutils/lib.a(less.o)
 .text.change_file
                0x0000000000024ca4       0x60 miscutils/lib.a(less.o)
 .text.buffer_down
                0x0000000000024d04       0x40 miscutils/lib.a(less.o)
 .text.buffer_up
                0x0000000000024d44       0x48 miscutils/lib.a(less.o)
 .text.buffer_to_line
                0x0000000000024d8c       0x2c miscutils/lib.a(less.o)
 .text.goto_match
                0x0000000000024db8       0x68 miscutils/lib.a(less.o)
 .text.getch_nowait
                0x0000000000024e20       0xcc miscutils/lib.a(less.o)
 .text.less_getch
                0x0000000000024eec       0x28 miscutils/lib.a(less.o)
 .text.less_gets
                0x0000000000024f14       0x7c miscutils/lib.a(less.o)
 .text.examine_file
                0x0000000000024f90       0x5c miscutils/lib.a(less.o)
 .text.regex_process
                0x0000000000024fec       0xe4 miscutils/lib.a(less.o)
 .text.less_main
                0x00000000000250d0      0x7c0 miscutils/lib.a(less.o)
                0x00000000000250d0                less_main
 .text.lsscsi_main
                0x0000000000025890       0xfc miscutils/lib.a(lsscsi.o)
                0x0000000000025890                lsscsi_main
 .text.makedevs_main
                0x000000000002598c      0x2a8 miscutils/lib.a(makedevs.o)
                0x000000000002598c                makedevs_main
 .text.run_pipe
                0x0000000000025c34      0x124 miscutils/lib.a(man.o)
 .text.show_manpage
                0x0000000000025d58       0x88 miscutils/lib.a(man.o)
 .text.man_main
                0x0000000000025de0      0x27c miscutils/lib.a(man.o)
                0x0000000000025de0                man_main
 .text.microcom_main
                0x000000000002605c      0x1fc miscutils/lib.a(microcom.o)
                0x000000000002605c                microcom_main
 .text.mt_main  0x0000000000026258       0xc8 miscutils/lib.a(mt.o)
                0x0000000000026258                mt_main
 .text.next_good_eraseblock
                0x0000000000026320       0x64 miscutils/lib.a(nandwrite.o)
 .text.nandwrite_main
                0x0000000000026384      0x334 miscutils/lib.a(nandwrite.o)
                0x0000000000026384                nandwrite_main
 .text.partprobe_main
                0x00000000000266b8       0x4c miscutils/lib.a(partprobe.o)
                0x00000000000266b8                partprobe_main
 .text.raidautorun_main
                0x0000000000026704       0x24 miscutils/lib.a(raidautorun.o)
                0x0000000000026704                raidautorun_main
 .text.runlevel_main
                0x0000000000026728       0x64 miscutils/lib.a(runlevel.o)
                0x0000000000026728                runlevel_main
 .text.rx_main  0x000000000002678c      0x2a4 miscutils/lib.a(rx.o)
                0x000000000002678c                rx_main
 .text.setfattr_main
                0x0000000000026a30       0xa8 miscutils/lib.a(setfattr.o)
                0x0000000000026a30                setfattr_main
 .text.serial_ctl
                0x0000000000026ad8       0x74 miscutils/lib.a(setserial.o)
 .text.setserial_main
                0x0000000000026b4c      0x420 miscutils/lib.a(setserial.o)
                0x0000000000026b4c                setserial_main
 .text.strings_main
                0x0000000000026f6c      0x14c miscutils/lib.a(strings.o)
                0x0000000000026f6c                strings_main
 .text.run_command
                0x00000000000270b8       0x9c miscutils/lib.a(time.o)
 .text.time_main
                0x0000000000027154      0x3e8 miscutils/lib.a(time.o)
                0x0000000000027154                time_main
 .text.ttysize_main
                0x000000000002753c       0x8c miscutils/lib.a(ttysize.o)
                0x000000000002753c                ttysize_main
 .text.get_num_from_file
                0x00000000000275c8       0x50 miscutils/lib.a(ubi_tools.o)
 .text.ubi_tools_main
                0x0000000000027618      0x378 miscutils/lib.a(ubi_tools.o)
                0x0000000000027618                ubi_tools_main
 .text.ubirename_main
                0x0000000000027990       0xb8 miscutils/lib.a(ubirename.o)
                0x0000000000027990                ubirename_main
 .text.volname_main
                0x0000000000027a48       0x48 miscutils/lib.a(volname.o)
                0x0000000000027a48                volname_main
 .text.shutdown_watchdog
                0x0000000000027a90       0x1c miscutils/lib.a(watchdog.o)
 .text.shutdown_on_signal
                0x0000000000027aac       0x20 miscutils/lib.a(watchdog.o)
 .text.watchdog_main
                0x0000000000027acc       0xf0 miscutils/lib.a(watchdog.o)
                0x0000000000027acc                watchdog_main
 .text.parse_module
                0x0000000000027bbc       0xf4 modutils/lib.a(depmod.o)
 .text.xfreopen_write
                0x0000000000027cb0       0x20 modutils/lib.a(depmod.o)
 .text.depmod_main
                0x0000000000027cd0      0x1b8 modutils/lib.a(depmod.o)
                0x0000000000027cd0                depmod_main
 .text.insmod_main
                0x0000000000027e88       0x34 modutils/lib.a(insmod.o)
                0x0000000000027e88                insmod_main
 .text.lsmod_main
                0x0000000000027ebc       0xd8 modutils/lib.a(lsmod.o)
                0x0000000000027ebc                lsmod_main
 .text.display  0x0000000000027f94       0x4c modutils/lib.a(modinfo.o)
 .text.modinfo  0x0000000000027fe0      0x10c modutils/lib.a(modinfo.o)
 .text.modinfo_main
                0x00000000000280ec       0xec modutils/lib.a(modinfo.o)
                0x00000000000280ec                modinfo_main
 .text.read_config
                0x00000000000281d8       0x1c modutils/lib.a(modprobe.o)
 .text.gather_options_str
                0x00000000000281f4       0x40 modutils/lib.a(modprobe.o)
 .text.load_modules_dep
                0x0000000000028234       0xb8 modutils/lib.a(modprobe.o)
 .text.get_or_add_modentry
                0x00000000000282ec       0x14 modutils/lib.a(modprobe.o)
 .text.add_probe
                0x0000000000028300       0x54 modutils/lib.a(modprobe.o)
 .text.config_file_action
                0x0000000000028354      0x15c modutils/lib.a(modprobe.o)
 .text.do_modprobe
                0x00000000000284b0      0x204 modutils/lib.a(modprobe.o)
 .text.modprobe_main
                0x00000000000286b4      0x248 modutils/lib.a(modprobe.o)
                0x00000000000286b4                modprobe_main
 .text.parse_cmdline_module_options
                0x00000000000288fc       0x7c modutils/lib.a(modutils.o)
                0x00000000000288fc                parse_cmdline_module_options
 .text.bb_init_module
                0x0000000000028978       0x7c modutils/lib.a(modutils.o)
                0x0000000000028978                bb_init_module
 .text.bb_delete_module
                0x00000000000289f4       0x1c modutils/lib.a(modutils.o)
                0x00000000000289f4                bb_delete_module
 .text.moderror
                0x0000000000028a10       0x48 modutils/lib.a(modutils.o)
                0x0000000000028a10                moderror
 .text.rmmod_main
                0x0000000000028a58       0x8c modutils/lib.a(rmmod.o)
                0x0000000000028a58                rmmod_main
 .text.arp_show
                0x0000000000028ae4      0x1dc networking/lib.a(arp.o)
 .text.arp_main
                0x0000000000028cc0      0x408 networking/lib.a(arp.o)
                0x0000000000028cc0                arp_main
 .text.finish   0x00000000000290c8       0x58 networking/lib.a(arping.o)
 .text.catcher  0x0000000000029120       0xf4 networking/lib.a(arping.o)
 .text.arping_main
                0x0000000000029214      0x500 networking/lib.a(arping.o)
                0x0000000000029214                arping_main
 .text.dnsd_main
                0x0000000000029714      0x3c8 networking/lib.a(dnsd.o)
                0x0000000000029714                dnsd_main
 .text.ether_wake_main
                0x0000000000029adc      0x1bc networking/lib.a(ether-wake.o)
                0x0000000000029adc                ether_wake_main
 .text.verbose_log
                0x0000000000029c98       0x20 networking/lib.a(ftpd.o)
 .text.cmdio_get_cmd_and_arg
                0x0000000000029cb8       0xd4 networking/lib.a(ftpd.o)
 .text.cmdio_write_ok
                0x0000000000029d8c       0x2c networking/lib.a(ftpd.o)
 .text.cmdio_write_error
                0x0000000000029db8       0x2c networking/lib.a(ftpd.o)
 .text.cmdio_write
                0x0000000000029de4       0x58 networking/lib.a(ftpd.o)
 .text.handle_cwd
                0x0000000000029e3c       0x34 networking/lib.a(ftpd.o)
 .text.port_pasv_cleanup
                0x0000000000029e70       0x28 networking/lib.a(ftpd.o)
 .text.get_remote_transfer_fd
                0x0000000000029e98       0x50 networking/lib.a(ftpd.o)
 .text.bind_for_passive_mode
                0x0000000000029ee8       0x60 networking/lib.a(ftpd.o)
 .text.cmdio_write_raw
                0x0000000000029f48       0x28 networking/lib.a(ftpd.o)
 .text.timeout_handler
                0x0000000000029f70       0x5c networking/lib.a(ftpd.o)
 .text.port_or_pasv_was_seen
                0x0000000000029fcc       0x28 networking/lib.a(ftpd.o)
 .text.handle_dir_common
                0x0000000000029ff4      0x130 networking/lib.a(ftpd.o)
 .text.handle_upload_common
                0x000000000002a124      0x10c networking/lib.a(ftpd.o)
 .text.ftpd_main
                0x000000000002a230      0x774 networking/lib.a(ftpd.o)
                0x000000000002a230                ftpd_main
 .text.ftp_die  0x000000000002a9a4       0x38 networking/lib.a(ftpgetput.o)
 .text.ftpcmd   0x000000000002a9dc       0x84 networking/lib.a(ftpgetput.o)
 .text.xconnect_ftpdata
                0x000000000002aa60       0x58 networking/lib.a(ftpgetput.o)
 .text.pump_data_and_QUIT
                0x000000000002aab8       0x48 networking/lib.a(ftpgetput.o)
 .text.ftp_receive
                0x000000000002ab00       0xf4 networking/lib.a(ftpgetput.o)
 .text.ftp_send
                0x000000000002abf4       0x48 networking/lib.a(ftpgetput.o)
 .text.ftpgetput_main
                0x000000000002ac3c      0x130 networking/lib.a(ftpgetput.o)
                0x000000000002ac3c                ftpgetput_main
 .text.do_sethostname
                0x000000000002ad6c       0x50 networking/lib.a(hostname.o)
 .text.hostname_main
                0x000000000002adbc       0xe4 networking/lib.a(hostname.o)
                0x000000000002adbc                hostname_main
 .text.checkPermIP
                0x000000000002aea0       0x34 networking/lib.a(httpd.o)
 .text.parse_conf
                0x000000000002aed4      0x3a8 networking/lib.a(httpd.o)
 .text.sighup_handler
                0x000000000002b27c        0xc networking/lib.a(httpd.o)
 .text.get_line
                0x000000000002b288       0x78 networking/lib.a(httpd.o)
 .text.check_user_passwd
                0x000000000002b300      0x148 networking/lib.a(httpd.o)
 .text.log_and_exit
                0x000000000002b448       0x30 networking/lib.a(httpd.o)
 .text.cgi_io_loop_and_exit
                0x000000000002b478      0x1a4 networking/lib.a(httpd.o)
 .text.setenv1  0x000000000002b61c       0x14 networking/lib.a(httpd.o)
 .text.send_file_and_exit
                0x000000000002b630      0x26c networking/lib.a(httpd.o)
 .text.send_headers
                0x000000000002b89c      0x264 networking/lib.a(httpd.o)
 .text.send_headers_and_exit
                0x000000000002bb00       0x18 networking/lib.a(httpd.o)
 .text.send_cgi_and_exit
                0x000000000002bb18      0x2b0 networking/lib.a(httpd.o)
 .text.handle_incoming_and_exit
                0x000000000002bdc8      0x74c networking/lib.a(httpd.o)
 .text.httpd_main
                0x000000000002c514      0x240 networking/lib.a(httpd.o)
                0x000000000002c514                httpd_main
 .text.ifconfig_main
                0x000000000002c754      0x360 networking/lib.a(ifconfig.o)
                0x000000000002c754                ifconfig_main
 .text.set_if_down
                0x000000000002cab4       0x30 networking/lib.a(ifenslave.o)
 .text.get_drv_info
                0x000000000002cae4       0x84 networking/lib.a(ifenslave.o)
 .text.enslave  0x000000000002cb68      0x1ec networking/lib.a(ifenslave.o)
 .text.ifenslave_main
                0x000000000002cd54      0x210 networking/lib.a(ifenslave.o)
                0x000000000002cd54                ifenslave_main
 .text.set_ifreq_to_ifname
                0x000000000002cf64       0x20 networking/lib.a(ifplugd.o)
 .text.network_ioctl
                0x000000000002cf84       0x24 networking/lib.a(ifplugd.o)
 .text.detect_link_iff
                0x000000000002cfa8       0x44 networking/lib.a(ifplugd.o)
 .text.detect_link_wlan
                0x000000000002cfec       0x70 networking/lib.a(ifplugd.o)
 .text.detect_link_priv
                0x000000000002d05c       0x4c networking/lib.a(ifplugd.o)
 .text.detect_link_mii
                0x000000000002d0a8       0x4c networking/lib.a(ifplugd.o)
 .text.detect_link_ethtool
                0x000000000002d0f4       0x3c networking/lib.a(ifplugd.o)
 .text.check_existence_through_netlink
                0x000000000002d130      0x100 networking/lib.a(ifplugd.o)
 .text.up_iface
                0x000000000002d230       0x78 networking/lib.a(ifplugd.o)
 .text.maybe_up_new_iface
                0x000000000002d2a8       0x28 networking/lib.a(ifplugd.o)
 .text.detect_link
                0x000000000002d2d0       0xdc networking/lib.a(ifplugd.o)
 .text.run_script
                0x000000000002d3ac       0xbc networking/lib.a(ifplugd.o)
 .text.ifplugd_main
                0x000000000002d468      0x39c networking/lib.a(ifplugd.o)
                0x000000000002d468                ifplugd_main
 .text.doit     0x000000000002d804       0x74 networking/lib.a(ifupdown.o)
 .text.execute_all
                0x000000000002d878       0x44 networking/lib.a(ifupdown.o)
 .text.set_environ
                0x000000000002d8bc       0xe8 networking/lib.a(ifupdown.o)
 .text.iface_down
                0x000000000002d9a4       0x6c networking/lib.a(ifupdown.o)
 .text.iface_up
                0x000000000002da10       0x6c networking/lib.a(ifupdown.o)
 .text.next_word
                0x000000000002da7c       0x38 networking/lib.a(ifupdown.o)
 .text.get_var  0x000000000002dab4       0x60 networking/lib.a(ifupdown.o)
 .text.execute  0x000000000002db14      0x184 networking/lib.a(ifupdown.o)
 .text.loopback_down6
                0x000000000002dc98       0x10 networking/lib.a(ifupdown.o)
 .text.loopback_up6
                0x000000000002dca8       0x30 networking/lib.a(ifupdown.o)
 .text.static_up6
                0x000000000002dcd8       0x40 networking/lib.a(ifupdown.o)
 .text.v4tunnel_down
                0x000000000002dd18       0x10 networking/lib.a(ifupdown.o)
 .text.v4tunnel_up
                0x000000000002dd28       0x50 networking/lib.a(ifupdown.o)
 .text.loopback_down
                0x000000000002dd78       0x30 networking/lib.a(ifupdown.o)
 .text.loopback_up
                0x000000000002dda8       0x30 networking/lib.a(ifupdown.o)
 .text.dhcp_up  0x000000000002ddd8       0x2c networking/lib.a(ifupdown.o)
 .text.bootp_up
                0x000000000002de04       0x10 networking/lib.a(ifupdown.o)
 .text.static_up
                0x000000000002de14       0x40 networking/lib.a(ifupdown.o)
 .text.ppp_down
                0x000000000002de54       0x10 networking/lib.a(ifupdown.o)
 .text.ppp_up   0x000000000002de64       0x10 networking/lib.a(ifupdown.o)
 .text.wvdial_down
                0x000000000002de74       0x10 networking/lib.a(ifupdown.o)
 .text.wvdial_up
                0x000000000002de84       0x10 networking/lib.a(ifupdown.o)
 .text.static_down6
                0x000000000002de94       0x24 networking/lib.a(ifupdown.o)
 .text.static_down
                0x000000000002deb8       0x3c networking/lib.a(ifupdown.o)
 .text.dhcp_down
                0x000000000002def4       0x34 networking/lib.a(ifupdown.o)
 .text.popen2   0x000000000002df28       0x7c networking/lib.a(ifupdown.o)
 .text.read_iface_state
                0x000000000002dfa4       0x40 networking/lib.a(ifupdown.o)
 .text.read_interfaces
                0x000000000002dfe4      0x374 networking/lib.a(ifupdown.o)
 .text.ifupdown_main
                0x000000000002e358      0x38c networking/lib.a(ifupdown.o)
                0x000000000002e358                ifupdown_main
 .text.remove_fd_from_set
                0x000000000002e6e4       0x3c networking/lib.a(inetd.o)
 .text.init_ring
                0x000000000002e720       0x20 networking/lib.a(inetd.o)
 .text.discard_dg
                0x000000000002e740       0x10 networking/lib.a(inetd.o)
 .text.bump_nofile
                0x000000000002e750       0x88 networking/lib.a(inetd.o)
 .text.add_fd_to_set
                0x000000000002e7d8       0x50 networking/lib.a(inetd.o)
 .text.clean_up_and_exit
                0x000000000002e828       0x40 networking/lib.a(inetd.o)
 .text.reap_child
                0x000000000002e868       0x70 networking/lib.a(inetd.o)
 .text.daytime_dg
                0x000000000002e8d8       0x78 networking/lib.a(inetd.o)
 .text.daytime_stream
                0x000000000002e950       0x24 networking/lib.a(inetd.o)
 .text.machtime_dg
                0x000000000002e974       0x68 networking/lib.a(inetd.o)
 .text.chargen_dg
                0x000000000002e9dc       0xc0 networking/lib.a(inetd.o)
 .text.chargen_stream
                0x000000000002ea9c       0x68 networking/lib.a(inetd.o)
 .text.discard_stream
                0x000000000002eb04       0x1c networking/lib.a(inetd.o)
 .text.echo_stream
                0x000000000002eb20       0x24 networking/lib.a(inetd.o)
 .text.rearm_alarm
                0x000000000002eb44       0x24 networking/lib.a(inetd.o)
 .text.prepare_socket_fd
                0x000000000002eb68       0x84 networking/lib.a(inetd.o)
 .text.retry_network_setup
                0x000000000002ebec       0x3c networking/lib.a(inetd.o)
 .text.machtime_stream
                0x000000000002ec28       0x28 networking/lib.a(inetd.o)
 .text.parse_one_line
                0x000000000002ec50      0x300 networking/lib.a(inetd.o)
 .text.reread_config_file
                0x000000000002ef50      0x280 networking/lib.a(inetd.o)
 .text.inetd_main
                0x000000000002f1d0      0x5f0 networking/lib.a(inetd.o)
                0x000000000002f1d0                inetd_main
 .text.UNSPEC_print
                0x000000000002f7c0       0x38 networking/lib.a(interface.o)
 .text.UNSPEC_sprint
                0x000000000002f7f8       0x1c networking/lib.a(interface.o)
 .text.INET6_sprint
                0x000000000002f814       0x24 networking/lib.a(interface.o)
 .text.INET_sprint
                0x000000000002f838       0x28 networking/lib.a(interface.o)
 .text.ether_print
                0x000000000002f860       0x28 networking/lib.a(interface.o)
 .text.if_readlist_proc
                0x000000000002f888      0x178 networking/lib.a(interface.o)
 .text.do_if_fetch
                0x000000000002fa00      0x1d0 networking/lib.a(interface.o)
 .text.print_bytes_scaled
                0x000000000002fbd0       0x68 networking/lib.a(interface.o)
 .text.get_aftype
                0x000000000002fc38       0x20 networking/lib.a(interface.o)
                0x000000000002fc38                get_aftype
 .text.get_hwtype
                0x000000000002fc58       0x20 networking/lib.a(interface.o)
                0x000000000002fc58                get_hwtype
 .text.get_hwntype
                0x000000000002fc78       0x18 networking/lib.a(interface.o)
                0x000000000002fc78                get_hwntype
 .text.ife_print
                0x000000000002fc90      0x410 networking/lib.a(interface.o)
 .text.display_interfaces
                0x00000000000300a0       0xbc networking/lib.a(interface.o)
                0x00000000000300a0                display_interfaces
 .text.ipaddr_main
                0x000000000003015c        0xc networking/lib.a(ip.o)
                0x000000000003015c                ipaddr_main
 .text.iplink_main
                0x0000000000030168        0xc networking/lib.a(ip.o)
                0x0000000000030168                iplink_main
 .text.iproute_main
                0x0000000000030174        0xc networking/lib.a(ip.o)
                0x0000000000030174                iproute_main
 .text.iprule_main
                0x0000000000030180        0xc networking/lib.a(ip.o)
                0x0000000000030180                iprule_main
 .text.iptunnel_main
                0x000000000003018c        0xc networking/lib.a(ip.o)
                0x000000000003018c                iptunnel_main
 .text.ipneigh_main
                0x0000000000030198        0xc networking/lib.a(ip.o)
                0x0000000000030198                ipneigh_main
 .text.ip_main  0x00000000000301a4       0x34 networking/lib.a(ip.o)
                0x00000000000301a4                ip_main
 .text.ipcalc_main
                0x00000000000301d8      0x198 networking/lib.a(ipcalc.o)
                0x00000000000301d8                ipcalc_main
 .text.do_rd    0x0000000000030370       0x80 networking/lib.a(isrv_identd.o)
 .text.fakeidentd_main
                0x00000000000303f0       0xd8 networking/lib.a(isrv_identd.o)
                0x00000000000303f0                fakeidentd_main
 .text.prepend_new_eth_table
                0x00000000000304c8      0x100 networking/lib.a(nameif.o)
 .text.nameif_main
                0x00000000000305c8      0x1c8 networking/lib.a(nameif.o)
                0x00000000000305c8                nameif_main
 .text.nbdclient_main
                0x0000000000030790      0x170 networking/lib.a(nbd-client.o)
                0x0000000000030790                nbdclient_main
 .text.catch    0x0000000000030900       0x48 networking/lib.a(nc.o)
 .text.arm      0x0000000000030948       0x1c networking/lib.a(nc.o)
 .text.tmtravel
                0x0000000000030964       0x18 networking/lib.a(nc.o)
 .text.connect_w_timeout
                0x000000000003097c       0x4c networking/lib.a(nc.o)
 .text.doexec   0x00000000000309c8       0x28 networking/lib.a(nc.o)
 .text.dolisten
                0x00000000000309f0      0x290 networking/lib.a(nc.o)
 .text.oprint   0x0000000000030c80       0xcc networking/lib.a(nc.o)
 .text.readwrite
                0x0000000000030d4c      0x218 networking/lib.a(nc.o)
 .text.nc_main  0x0000000000030f64      0x334 networking/lib.a(nc.o)
                0x0000000000030f64                nc_main
 .text.unix_do_one
                0x0000000000031298      0x1b4 networking/lib.a(netstat.o)
 .text.build_ipv6_addr
                0x000000000003144c       0x3c networking/lib.a(netstat.o)
 .text.ip_port_str
                0x0000000000031488       0x68 networking/lib.a(netstat.o)
 .text.dir_act  0x00000000000314f0       0x90 networking/lib.a(netstat.o)
 .text.add_to_prg_cache_if_socket
                0x0000000000031580       0xb4 networking/lib.a(netstat.o)
 .text.do_info  0x0000000000031634       0x50 networking/lib.a(netstat.o)
 .text.scan_inet_proc_line
                0x0000000000031684       0x8c networking/lib.a(netstat.o)
 .text.print_inet_line
                0x0000000000031710       0xd0 networking/lib.a(netstat.o)
 .text.raw_do_one
                0x00000000000317e0       0x60 networking/lib.a(netstat.o)
 .text.udp_do_one
                0x0000000000031840       0x80 networking/lib.a(netstat.o)
 .text.tcp_do_one
                0x00000000000318c0       0x40 networking/lib.a(netstat.o)
 .text.netstat_main
                0x0000000000031900      0x1e4 networking/lib.a(netstat.o)
                0x0000000000031900                netstat_main
 .text.add_query
                0x0000000000031ae4       0x54 networking/lib.a(nslookup.o)
 .text.add_ns   0x0000000000031b38       0x30 networking/lib.a(nslookup.o)
 .text.send_queries
                0x0000000000031b68      0x4a0 networking/lib.a(nslookup.o)
 .text.nslookup_main
                0x0000000000032008      0x2c0 networking/lib.a(nslookup.o)
                0x0000000000032008                nslookup_main
 .text.my_SQRT  0x00000000000322c8       0x38 networking/lib.a(ntpd.o)
 .text.reset_peer_stats
                0x0000000000032300       0x88 networking/lib.a(ntpd.o)
 .text.clamp_pollexp_and_set_MAXSTRAT
                0x0000000000032388       0x30 networking/lib.a(ntpd.o)
 .text.adjust_poll
                0x00000000000323b8       0x7c networking/lib.a(ntpd.o)
 .text.poll_interval
                0x0000000000032434       0x2c networking/lib.a(ntpd.o)
 .text.resolve_peer_hostname
                0x0000000000032460       0x68 networking/lib.a(ntpd.o)
 .text.add_peers
                0x00000000000324c8       0xa0 networking/lib.a(ntpd.o)
 .text.run_script
                0x0000000000032568       0xe0 networking/lib.a(ntpd.o)
 .text.set_next.isra.0
                0x0000000000032648       0x20 networking/lib.a(ntpd.o)
 .text.unpack_tail
                0x0000000000032668       0xd4 networking/lib.a(ping.o)
 .text.print_stats_and_exit
                0x000000000003273c       0xc0 networking/lib.a(ping.o)
 .text.sendping_tail.constprop.1
                0x00000000000327fc       0xa0 networking/lib.a(ping.o)
 .text.sendping4
                0x000000000003289c       0x54 networking/lib.a(ping.o)
 .text.sendping6
                0x00000000000328f0       0x44 networking/lib.a(ping.o)
 .text.common_ping_main
                0x0000000000032934      0x554 networking/lib.a(ping.o)
 .text.pscan_main
                0x0000000000032e88      0x1d0 networking/lib.a(pscan.o)
                0x0000000000032e88                pscan_main
 .text.set_flags
                0x0000000000033058       0x28 networking/lib.a(route.o)
 .text.INET6_displayroutes
                0x0000000000033080      0x15c networking/lib.a(route.o)
 .text.INET6_setroute
                0x00000000000331dc      0x180 networking/lib.a(route.o)
 .text.INET_setroute
                0x000000000003335c      0x288 networking/lib.a(route.o)
 .text.bb_displayroutes
                0x00000000000335e4      0x140 networking/lib.a(route.o)
                0x00000000000335e4                bb_displayroutes
 .text.route_main
                0x0000000000033724       0xd0 networking/lib.a(route.o)
                0x0000000000033724                route_main
 .text.tcsetattr_serial_or_warn
                0x00000000000337f4       0x1c networking/lib.a(slattach.o)
 .text.restore_state_and_exit
                0x0000000000033810       0x74 networking/lib.a(slattach.o)
 .text.slattach_main
                0x0000000000033884      0x1f4 networking/lib.a(slattach.o)
                0x0000000000033884                slattach_main